--------------------------------------------------------------------------------
Release 14.7 Trace  (nt)
Copyright (c) 1995-2013 Xilinx, Inc.  All rights reserved.

C:\Xilinx\14.7\ISE_DS\ISE\bin\nt\unwrapped\trce.exe -intstyle ise -v 3 -s 3 -n
3 -fastpaths -xml ALU.twx ALU.ncd -o ALU.twr ALU.pcf

Design file:              ALU.ncd
Physical constraint file: ALU.pcf
Device,package,speed:     xc6slx16,csg324,C,-3 (PRODUCTION 1.23 2013-10-13)
Report level:             verbose report

Environment Variable      Effect 
--------------------      ------ 
NONE                      No environment variables were set
--------------------------------------------------------------------------------

INFO:Timing:2698 - No timing constraints found, doing default enumeration.
INFO:Timing:3412 - To improve timing, see the Timing Closure User Guide (UG612).
INFO:Timing:2752 - To get complete path coverage, use the unconstrained paths 
   option. All paths that are not constrained will be reported in the 
   unconstrained paths section(s) of the report.
INFO:Timing:3339 - The clock-to-out numbers in this timing report are based on 
   a 50 Ohm transmission line loading model.  For the details of this model, 
   and for more information on accounting for different loading conditions, 
   please see the device datasheet.



Data Sheet report:
-----------------
All values displayed in nanoseconds (ns)

Pad to Pad
---------------+---------------+---------+
Source Pad     |Destination Pad|  Delay  |
---------------+---------------+---------+
ALU_A<0>       |ALU_RESULT<0>  |   11.992|
ALU_A<0>       |ALU_RESULT<1>  |   12.500|
ALU_A<0>       |ALU_RESULT<2>  |   12.551|
ALU_A<0>       |ALU_RESULT<3>  |   12.340|
ALU_A<0>       |ALU_RESULT<4>  |   12.274|
ALU_A<0>       |ALU_RESULT<5>  |   12.656|
ALU_A<0>       |ALU_RESULT<6>  |   12.190|
ALU_A<0>       |ALU_RESULT<7>  |   12.807|
ALU_A<0>       |ALU_RESULT<8>  |   11.369|
ALU_A<0>       |ALU_RESULT<9>  |   11.614|
ALU_A<0>       |ALU_RESULT<10> |   11.592|
ALU_A<0>       |ALU_RESULT<11> |   11.392|
ALU_A<0>       |ALU_RESULT<12> |   11.865|
ALU_A<0>       |ALU_RESULT<13> |   11.918|
ALU_A<0>       |ALU_RESULT<14> |   11.776|
ALU_A<0>       |ALU_RESULT<15> |   11.444|
ALU_A<0>       |ALU_RESULT<16> |   11.591|
ALU_A<0>       |ALU_RESULT<17> |   11.795|
ALU_A<0>       |ALU_RESULT<18> |   11.316|
ALU_A<0>       |ALU_RESULT<19> |   11.747|
ALU_A<0>       |ALU_RESULT<20> |   11.785|
ALU_A<0>       |ALU_RESULT<21> |   12.091|
ALU_A<0>       |ALU_RESULT<22> |   11.141|
ALU_A<0>       |ALU_RESULT<23> |   11.282|
ALU_A<0>       |ALU_RESULT<24> |   11.900|
ALU_A<0>       |ALU_RESULT<25> |   11.850|
ALU_A<0>       |ALU_RESULT<26> |   12.442|
ALU_A<0>       |ALU_RESULT<27> |   12.270|
ALU_A<0>       |ALU_RESULT<28> |   12.303|
ALU_A<0>       |ALU_RESULT<29> |   12.770|
ALU_A<0>       |ALU_RESULT<30> |   12.860|
ALU_A<0>       |ALU_RESULT<31> |   12.289|
ALU_A<0>       |ALU_ZERO       |   15.526|
ALU_A<1>       |ALU_RESULT<1>  |   12.889|
ALU_A<1>       |ALU_RESULT<2>  |   12.985|
ALU_A<1>       |ALU_RESULT<3>  |   12.780|
ALU_A<1>       |ALU_RESULT<4>  |   12.707|
ALU_A<1>       |ALU_RESULT<5>  |   13.089|
ALU_A<1>       |ALU_RESULT<6>  |   12.623|
ALU_A<1>       |ALU_RESULT<7>  |   13.240|
ALU_A<1>       |ALU_RESULT<8>  |   11.802|
ALU_A<1>       |ALU_RESULT<9>  |   12.047|
ALU_A<1>       |ALU_RESULT<10> |   12.025|
ALU_A<1>       |ALU_RESULT<11> |   11.825|
ALU_A<1>       |ALU_RESULT<12> |   12.298|
ALU_A<1>       |ALU_RESULT<13> |   12.351|
ALU_A<1>       |ALU_RESULT<14> |   12.209|
ALU_A<1>       |ALU_RESULT<15> |   11.877|
ALU_A<1>       |ALU_RESULT<16> |   12.024|
ALU_A<1>       |ALU_RESULT<17> |   12.228|
ALU_A<1>       |ALU_RESULT<18> |   11.749|
ALU_A<1>       |ALU_RESULT<19> |   12.180|
ALU_A<1>       |ALU_RESULT<20> |   12.218|
ALU_A<1>       |ALU_RESULT<21> |   12.524|
ALU_A<1>       |ALU_RESULT<22> |   11.574|
ALU_A<1>       |ALU_RESULT<23> |   11.715|
ALU_A<1>       |ALU_RESULT<24> |   12.333|
ALU_A<1>       |ALU_RESULT<25> |   12.283|
ALU_A<1>       |ALU_RESULT<26> |   12.875|
ALU_A<1>       |ALU_RESULT<27> |   12.703|
ALU_A<1>       |ALU_RESULT<28> |   12.736|
ALU_A<1>       |ALU_RESULT<29> |   13.203|
ALU_A<1>       |ALU_RESULT<30> |   13.293|
ALU_A<1>       |ALU_RESULT<31> |   12.722|
ALU_A<1>       |ALU_ZERO       |   15.959|
ALU_A<2>       |ALU_RESULT<2>  |   12.720|
ALU_A<2>       |ALU_RESULT<3>  |   12.511|
ALU_A<2>       |ALU_RESULT<4>  |   12.484|
ALU_A<2>       |ALU_RESULT<5>  |   12.866|
ALU_A<2>       |ALU_RESULT<6>  |   12.400|
ALU_A<2>       |ALU_RESULT<7>  |   13.017|
ALU_A<2>       |ALU_RESULT<8>  |   11.579|
ALU_A<2>       |ALU_RESULT<9>  |   11.824|
ALU_A<2>       |ALU_RESULT<10> |   11.802|
ALU_A<2>       |ALU_RESULT<11> |   11.602|
ALU_A<2>       |ALU_RESULT<12> |   12.075|
ALU_A<2>       |ALU_RESULT<13> |   12.128|
ALU_A<2>       |ALU_RESULT<14> |   11.986|
ALU_A<2>       |ALU_RESULT<15> |   11.654|
ALU_A<2>       |ALU_RESULT<16> |   11.801|
ALU_A<2>       |ALU_RESULT<17> |   12.005|
ALU_A<2>       |ALU_RESULT<18> |   11.526|
ALU_A<2>       |ALU_RESULT<19> |   11.957|
ALU_A<2>       |ALU_RESULT<20> |   11.995|
ALU_A<2>       |ALU_RESULT<21> |   12.301|
ALU_A<2>       |ALU_RESULT<22> |   11.351|
ALU_A<2>       |ALU_RESULT<23> |   11.492|
ALU_A<2>       |ALU_RESULT<24> |   12.110|
ALU_A<2>       |ALU_RESULT<25> |   12.060|
ALU_A<2>       |ALU_RESULT<26> |   12.652|
ALU_A<2>       |ALU_RESULT<27> |   12.480|
ALU_A<2>       |ALU_RESULT<28> |   12.513|
ALU_A<2>       |ALU_RESULT<29> |   12.980|
ALU_A<2>       |ALU_RESULT<30> |   13.070|
ALU_A<2>       |ALU_RESULT<31> |   12.499|
ALU_A<2>       |ALU_ZERO       |   15.736|
ALU_A<3>       |ALU_RESULT<3>  |   12.255|
ALU_A<3>       |ALU_RESULT<4>  |   12.230|
ALU_A<3>       |ALU_RESULT<5>  |   12.612|
ALU_A<3>       |ALU_RESULT<6>  |   12.146|
ALU_A<3>       |ALU_RESULT<7>  |   12.763|
ALU_A<3>       |ALU_RESULT<8>  |   11.325|
ALU_A<3>       |ALU_RESULT<9>  |   11.570|
ALU_A<3>       |ALU_RESULT<10> |   11.548|
ALU_A<3>       |ALU_RESULT<11> |   11.348|
ALU_A<3>       |ALU_RESULT<12> |   11.821|
ALU_A<3>       |ALU_RESULT<13> |   11.874|
ALU_A<3>       |ALU_RESULT<14> |   11.732|
ALU_A<3>       |ALU_RESULT<15> |   11.400|
ALU_A<3>       |ALU_RESULT<16> |   11.547|
ALU_A<3>       |ALU_RESULT<17> |   11.751|
ALU_A<3>       |ALU_RESULT<18> |   11.272|
ALU_A<3>       |ALU_RESULT<19> |   11.703|
ALU_A<3>       |ALU_RESULT<20> |   11.741|
ALU_A<3>       |ALU_RESULT<21> |   12.047|
ALU_A<3>       |ALU_RESULT<22> |   11.097|
ALU_A<3>       |ALU_RESULT<23> |   11.238|
ALU_A<3>       |ALU_RESULT<24> |   11.856|
ALU_A<3>       |ALU_RESULT<25> |   11.806|
ALU_A<3>       |ALU_RESULT<26> |   12.398|
ALU_A<3>       |ALU_RESULT<27> |   12.226|
ALU_A<3>       |ALU_RESULT<28> |   12.259|
ALU_A<3>       |ALU_RESULT<29> |   12.726|
ALU_A<3>       |ALU_RESULT<30> |   12.816|
ALU_A<3>       |ALU_RESULT<31> |   12.245|
ALU_A<3>       |ALU_ZERO       |   15.482|
ALU_A<4>       |ALU_RESULT<4>  |   11.717|
ALU_A<4>       |ALU_RESULT<5>  |   12.071|
ALU_A<4>       |ALU_RESULT<6>  |   11.694|
ALU_A<4>       |ALU_RESULT<7>  |   12.328|
ALU_A<4>       |ALU_RESULT<8>  |   10.931|
ALU_A<4>       |ALU_RESULT<9>  |   11.176|
ALU_A<4>       |ALU_RESULT<10> |   11.154|
ALU_A<4>       |ALU_RESULT<11> |   10.954|
ALU_A<4>       |ALU_RESULT<12> |   11.427|
ALU_A<4>       |ALU_RESULT<13> |   11.480|
ALU_A<4>       |ALU_RESULT<14> |   11.338|
ALU_A<4>       |ALU_RESULT<15> |   11.006|
ALU_A<4>       |ALU_RESULT<16> |   11.153|
ALU_A<4>       |ALU_RESULT<17> |   11.357|
ALU_A<4>       |ALU_RESULT<18> |   10.878|
ALU_A<4>       |ALU_RESULT<19> |   11.309|
ALU_A<4>       |ALU_RESULT<20> |   11.347|
ALU_A<4>       |ALU_RESULT<21> |   11.653|
ALU_A<4>       |ALU_RESULT<22> |   10.703|
ALU_A<4>       |ALU_RESULT<23> |   10.844|
ALU_A<4>       |ALU_RESULT<24> |   11.462|
ALU_A<4>       |ALU_RESULT<25> |   11.412|
ALU_A<4>       |ALU_RESULT<26> |   12.004|
ALU_A<4>       |ALU_RESULT<27> |   11.832|
ALU_A<4>       |ALU_RESULT<28> |   11.865|
ALU_A<4>       |ALU_RESULT<29> |   12.332|
ALU_A<4>       |ALU_RESULT<30> |   12.422|
ALU_A<4>       |ALU_RESULT<31> |   11.851|
ALU_A<4>       |ALU_ZERO       |   15.088|
ALU_A<5>       |ALU_RESULT<5>  |   11.964|
ALU_A<5>       |ALU_RESULT<6>  |   11.632|
ALU_A<5>       |ALU_RESULT<7>  |   12.272|
ALU_A<5>       |ALU_RESULT<8>  |   10.868|
ALU_A<5>       |ALU_RESULT<9>  |   11.113|
ALU_A<5>       |ALU_RESULT<10> |   11.091|
ALU_A<5>       |ALU_RESULT<11> |   10.891|
ALU_A<5>       |ALU_RESULT<12> |   11.364|
ALU_A<5>       |ALU_RESULT<13> |   11.417|
ALU_A<5>       |ALU_RESULT<14> |   11.275|
ALU_A<5>       |ALU_RESULT<15> |   10.943|
ALU_A<5>       |ALU_RESULT<16> |   11.090|
ALU_A<5>       |ALU_RESULT<17> |   11.294|
ALU_A<5>       |ALU_RESULT<18> |   10.815|
ALU_A<5>       |ALU_RESULT<19> |   11.246|
ALU_A<5>       |ALU_RESULT<20> |   11.284|
ALU_A<5>       |ALU_RESULT<21> |   11.590|
ALU_A<5>       |ALU_RESULT<22> |   10.640|
ALU_A<5>       |ALU_RESULT<23> |   10.781|
ALU_A<5>       |ALU_RESULT<24> |   11.399|
ALU_A<5>       |ALU_RESULT<25> |   11.349|
ALU_A<5>       |ALU_RESULT<26> |   11.941|
ALU_A<5>       |ALU_RESULT<27> |   11.769|
ALU_A<5>       |ALU_RESULT<28> |   11.802|
ALU_A<5>       |ALU_RESULT<29> |   12.269|
ALU_A<5>       |ALU_RESULT<30> |   12.359|
ALU_A<5>       |ALU_RESULT<31> |   11.788|
ALU_A<5>       |ALU_ZERO       |   15.025|
ALU_A<6>       |ALU_RESULT<6>  |   11.763|
ALU_A<6>       |ALU_RESULT<7>  |   12.399|
ALU_A<6>       |ALU_RESULT<8>  |   11.041|
ALU_A<6>       |ALU_RESULT<9>  |   11.286|
ALU_A<6>       |ALU_RESULT<10> |   11.264|
ALU_A<6>       |ALU_RESULT<11> |   11.064|
ALU_A<6>       |ALU_RESULT<12> |   11.537|
ALU_A<6>       |ALU_RESULT<13> |   11.590|
ALU_A<6>       |ALU_RESULT<14> |   11.448|
ALU_A<6>       |ALU_RESULT<15> |   11.116|
ALU_A<6>       |ALU_RESULT<16> |   11.263|
ALU_A<6>       |ALU_RESULT<17> |   11.467|
ALU_A<6>       |ALU_RESULT<18> |   10.988|
ALU_A<6>       |ALU_RESULT<19> |   11.419|
ALU_A<6>       |ALU_RESULT<20> |   11.457|
ALU_A<6>       |ALU_RESULT<21> |   11.763|
ALU_A<6>       |ALU_RESULT<22> |   10.813|
ALU_A<6>       |ALU_RESULT<23> |   10.954|
ALU_A<6>       |ALU_RESULT<24> |   11.572|
ALU_A<6>       |ALU_RESULT<25> |   11.522|
ALU_A<6>       |ALU_RESULT<26> |   12.114|
ALU_A<6>       |ALU_RESULT<27> |   11.942|
ALU_A<6>       |ALU_RESULT<28> |   11.975|
ALU_A<6>       |ALU_RESULT<29> |   12.442|
ALU_A<6>       |ALU_RESULT<30> |   12.532|
ALU_A<6>       |ALU_RESULT<31> |   11.961|
ALU_A<6>       |ALU_ZERO       |   15.198|
ALU_A<7>       |ALU_RESULT<7>  |   12.559|
ALU_A<7>       |ALU_RESULT<8>  |   11.203|
ALU_A<7>       |ALU_RESULT<9>  |   11.448|
ALU_A<7>       |ALU_RESULT<10> |   11.426|
ALU_A<7>       |ALU_RESULT<11> |   11.226|
ALU_A<7>       |ALU_RESULT<12> |   11.699|
ALU_A<7>       |ALU_RESULT<13> |   11.752|
ALU_A<7>       |ALU_RESULT<14> |   11.610|
ALU_A<7>       |ALU_RESULT<15> |   11.278|
ALU_A<7>       |ALU_RESULT<16> |   11.425|
ALU_A<7>       |ALU_RESULT<17> |   11.629|
ALU_A<7>       |ALU_RESULT<18> |   11.150|
ALU_A<7>       |ALU_RESULT<19> |   11.581|
ALU_A<7>       |ALU_RESULT<20> |   11.619|
ALU_A<7>       |ALU_RESULT<21> |   11.925|
ALU_A<7>       |ALU_RESULT<22> |   10.975|
ALU_A<7>       |ALU_RESULT<23> |   11.116|
ALU_A<7>       |ALU_RESULT<24> |   11.734|
ALU_A<7>       |ALU_RESULT<25> |   11.684|
ALU_A<7>       |ALU_RESULT<26> |   12.276|
ALU_A<7>       |ALU_RESULT<27> |   12.104|
ALU_A<7>       |ALU_RESULT<28> |   12.137|
ALU_A<7>       |ALU_RESULT<29> |   12.604|
ALU_A<7>       |ALU_RESULT<30> |   12.694|
ALU_A<7>       |ALU_RESULT<31> |   12.123|
ALU_A<7>       |ALU_ZERO       |   15.360|
ALU_A<8>       |ALU_RESULT<8>  |   11.095|
ALU_A<8>       |ALU_RESULT<9>  |   11.312|
ALU_A<8>       |ALU_RESULT<10> |   11.379|
ALU_A<8>       |ALU_RESULT<11> |   11.196|
ALU_A<8>       |ALU_RESULT<12> |   11.710|
ALU_A<8>       |ALU_RESULT<13> |   11.763|
ALU_A<8>       |ALU_RESULT<14> |   11.621|
ALU_A<8>       |ALU_RESULT<15> |   11.289|
ALU_A<8>       |ALU_RESULT<16> |   11.436|
ALU_A<8>       |ALU_RESULT<17> |   11.640|
ALU_A<8>       |ALU_RESULT<18> |   11.161|
ALU_A<8>       |ALU_RESULT<19> |   11.592|
ALU_A<8>       |ALU_RESULT<20> |   11.630|
ALU_A<8>       |ALU_RESULT<21> |   11.936|
ALU_A<8>       |ALU_RESULT<22> |   10.986|
ALU_A<8>       |ALU_RESULT<23> |   11.127|
ALU_A<8>       |ALU_RESULT<24> |   11.745|
ALU_A<8>       |ALU_RESULT<25> |   11.695|
ALU_A<8>       |ALU_RESULT<26> |   12.287|
ALU_A<8>       |ALU_RESULT<27> |   12.115|
ALU_A<8>       |ALU_RESULT<28> |   12.148|
ALU_A<8>       |ALU_RESULT<29> |   12.615|
ALU_A<8>       |ALU_RESULT<30> |   12.705|
ALU_A<8>       |ALU_RESULT<31> |   12.134|
ALU_A<8>       |ALU_ZERO       |   15.371|
ALU_A<9>       |ALU_RESULT<9>  |   11.078|
ALU_A<9>       |ALU_RESULT<10> |   11.190|
ALU_A<9>       |ALU_RESULT<11> |   11.013|
ALU_A<9>       |ALU_RESULT<12> |   11.520|
ALU_A<9>       |ALU_RESULT<13> |   11.573|
ALU_A<9>       |ALU_RESULT<14> |   11.431|
ALU_A<9>       |ALU_RESULT<15> |   11.099|
ALU_A<9>       |ALU_RESULT<16> |   11.246|
ALU_A<9>       |ALU_RESULT<17> |   11.450|
ALU_A<9>       |ALU_RESULT<18> |   10.971|
ALU_A<9>       |ALU_RESULT<19> |   11.402|
ALU_A<9>       |ALU_RESULT<20> |   11.440|
ALU_A<9>       |ALU_RESULT<21> |   11.746|
ALU_A<9>       |ALU_RESULT<22> |   10.796|
ALU_A<9>       |ALU_RESULT<23> |   10.937|
ALU_A<9>       |ALU_RESULT<24> |   11.555|
ALU_A<9>       |ALU_RESULT<25> |   11.505|
ALU_A<9>       |ALU_RESULT<26> |   12.097|
ALU_A<9>       |ALU_RESULT<27> |   11.925|
ALU_A<9>       |ALU_RESULT<28> |   11.958|
ALU_A<9>       |ALU_RESULT<29> |   12.425|
ALU_A<9>       |ALU_RESULT<30> |   12.515|
ALU_A<9>       |ALU_RESULT<31> |   11.944|
ALU_A<9>       |ALU_ZERO       |   15.181|
ALU_A<10>      |ALU_RESULT<10> |   10.897|
ALU_A<10>      |ALU_RESULT<11> |   10.716|
ALU_A<10>      |ALU_RESULT<12> |   11.269|
ALU_A<10>      |ALU_RESULT<13> |   11.322|
ALU_A<10>      |ALU_RESULT<14> |   11.180|
ALU_A<10>      |ALU_RESULT<15> |   10.848|
ALU_A<10>      |ALU_RESULT<16> |   10.995|
ALU_A<10>      |ALU_RESULT<17> |   11.199|
ALU_A<10>      |ALU_RESULT<18> |   10.720|
ALU_A<10>      |ALU_RESULT<19> |   11.151|
ALU_A<10>      |ALU_RESULT<20> |   11.189|
ALU_A<10>      |ALU_RESULT<21> |   11.495|
ALU_A<10>      |ALU_RESULT<22> |   10.545|
ALU_A<10>      |ALU_RESULT<23> |   10.686|
ALU_A<10>      |ALU_RESULT<24> |   11.304|
ALU_A<10>      |ALU_RESULT<25> |   11.254|
ALU_A<10>      |ALU_RESULT<26> |   11.846|
ALU_A<10>      |ALU_RESULT<27> |   11.674|
ALU_A<10>      |ALU_RESULT<28> |   11.707|
ALU_A<10>      |ALU_RESULT<29> |   12.174|
ALU_A<10>      |ALU_RESULT<30> |   12.264|
ALU_A<10>      |ALU_RESULT<31> |   11.693|
ALU_A<10>      |ALU_ZERO       |   14.930|
ALU_A<11>      |ALU_RESULT<11> |   10.704|
ALU_A<11>      |ALU_RESULT<12> |   11.360|
ALU_A<11>      |ALU_RESULT<13> |   11.413|
ALU_A<11>      |ALU_RESULT<14> |   11.271|
ALU_A<11>      |ALU_RESULT<15> |   10.939|
ALU_A<11>      |ALU_RESULT<16> |   11.086|
ALU_A<11>      |ALU_RESULT<17> |   11.290|
ALU_A<11>      |ALU_RESULT<18> |   10.811|
ALU_A<11>      |ALU_RESULT<19> |   11.242|
ALU_A<11>      |ALU_RESULT<20> |   11.280|
ALU_A<11>      |ALU_RESULT<21> |   11.586|
ALU_A<11>      |ALU_RESULT<22> |   10.636|
ALU_A<11>      |ALU_RESULT<23> |   10.777|
ALU_A<11>      |ALU_RESULT<24> |   11.395|
ALU_A<11>      |ALU_RESULT<25> |   11.345|
ALU_A<11>      |ALU_RESULT<26> |   11.937|
ALU_A<11>      |ALU_RESULT<27> |   11.765|
ALU_A<11>      |ALU_RESULT<28> |   11.798|
ALU_A<11>      |ALU_RESULT<29> |   12.265|
ALU_A<11>      |ALU_RESULT<30> |   12.355|
ALU_A<11>      |ALU_RESULT<31> |   11.784|
ALU_A<11>      |ALU_ZERO       |   15.021|
ALU_A<12>      |ALU_RESULT<12> |   11.550|
ALU_A<12>      |ALU_RESULT<13> |   11.575|
ALU_A<12>      |ALU_RESULT<14> |   11.522|
ALU_A<12>      |ALU_RESULT<15> |   11.207|
ALU_A<12>      |ALU_RESULT<16> |   11.395|
ALU_A<12>      |ALU_RESULT<17> |   11.599|
ALU_A<12>      |ALU_RESULT<18> |   11.120|
ALU_A<12>      |ALU_RESULT<19> |   11.551|
ALU_A<12>      |ALU_RESULT<20> |   11.589|
ALU_A<12>      |ALU_RESULT<21> |   11.895|
ALU_A<12>      |ALU_RESULT<22> |   10.945|
ALU_A<12>      |ALU_RESULT<23> |   11.086|
ALU_A<12>      |ALU_RESULT<24> |   11.704|
ALU_A<12>      |ALU_RESULT<25> |   11.654|
ALU_A<12>      |ALU_RESULT<26> |   12.246|
ALU_A<12>      |ALU_RESULT<27> |   12.074|
ALU_A<12>      |ALU_RESULT<28> |   12.107|
ALU_A<12>      |ALU_RESULT<29> |   12.574|
ALU_A<12>      |ALU_RESULT<30> |   12.664|
ALU_A<12>      |ALU_RESULT<31> |   12.093|
ALU_A<12>      |ALU_ZERO       |   15.330|
ALU_A<13>      |ALU_RESULT<13> |   11.170|
ALU_A<13>      |ALU_RESULT<14> |   11.162|
ALU_A<13>      |ALU_RESULT<15> |   10.853|
ALU_A<13>      |ALU_RESULT<16> |   11.034|
ALU_A<13>      |ALU_RESULT<17> |   11.238|
ALU_A<13>      |ALU_RESULT<18> |   10.759|
ALU_A<13>      |ALU_RESULT<19> |   11.190|
ALU_A<13>      |ALU_RESULT<20> |   11.228|
ALU_A<13>      |ALU_RESULT<21> |   11.534|
ALU_A<13>      |ALU_RESULT<22> |   10.584|
ALU_A<13>      |ALU_RESULT<23> |   10.725|
ALU_A<13>      |ALU_RESULT<24> |   11.343|
ALU_A<13>      |ALU_RESULT<25> |   11.293|
ALU_A<13>      |ALU_RESULT<26> |   11.885|
ALU_A<13>      |ALU_RESULT<27> |   11.713|
ALU_A<13>      |ALU_RESULT<28> |   11.746|
ALU_A<13>      |ALU_RESULT<29> |   12.213|
ALU_A<13>      |ALU_RESULT<30> |   12.303|
ALU_A<13>      |ALU_RESULT<31> |   11.732|
ALU_A<13>      |ALU_ZERO       |   14.969|
ALU_A<14>      |ALU_RESULT<14> |   10.575|
ALU_A<14>      |ALU_RESULT<15> |   10.262|
ALU_A<14>      |ALU_RESULT<16> |   10.489|
ALU_A<14>      |ALU_RESULT<17> |   10.693|
ALU_A<14>      |ALU_RESULT<18> |   10.214|
ALU_A<14>      |ALU_RESULT<19> |   10.645|
ALU_A<14>      |ALU_RESULT<20> |   10.683|
ALU_A<14>      |ALU_RESULT<21> |   10.989|
ALU_A<14>      |ALU_RESULT<22> |   10.039|
ALU_A<14>      |ALU_RESULT<23> |   10.180|
ALU_A<14>      |ALU_RESULT<24> |   10.798|
ALU_A<14>      |ALU_RESULT<25> |   10.748|
ALU_A<14>      |ALU_RESULT<26> |   11.340|
ALU_A<14>      |ALU_RESULT<27> |   11.168|
ALU_A<14>      |ALU_RESULT<28> |   11.201|
ALU_A<14>      |ALU_RESULT<29> |   11.668|
ALU_A<14>      |ALU_RESULT<30> |   11.758|
ALU_A<14>      |ALU_RESULT<31> |   11.187|
ALU_A<14>      |ALU_ZERO       |   14.424|
ALU_A<15>      |ALU_RESULT<15> |   10.118|
ALU_A<15>      |ALU_RESULT<16> |   10.347|
ALU_A<15>      |ALU_RESULT<17> |   10.551|
ALU_A<15>      |ALU_RESULT<18> |   10.072|
ALU_A<15>      |ALU_RESULT<19> |   10.503|
ALU_A<15>      |ALU_RESULT<20> |   10.541|
ALU_A<15>      |ALU_RESULT<21> |   10.847|
ALU_A<15>      |ALU_RESULT<22> |    9.897|
ALU_A<15>      |ALU_RESULT<23> |   10.038|
ALU_A<15>      |ALU_RESULT<24> |   10.656|
ALU_A<15>      |ALU_RESULT<25> |   10.606|
ALU_A<15>      |ALU_RESULT<26> |   11.198|
ALU_A<15>      |ALU_RESULT<27> |   11.026|
ALU_A<15>      |ALU_RESULT<28> |   11.059|
ALU_A<15>      |ALU_RESULT<29> |   11.526|
ALU_A<15>      |ALU_RESULT<30> |   11.616|
ALU_A<15>      |ALU_RESULT<31> |   11.045|
ALU_A<15>      |ALU_ZERO       |   14.282|
ALU_A<16>      |ALU_RESULT<16> |   10.133|
ALU_A<16>      |ALU_RESULT<17> |   10.309|
ALU_A<16>      |ALU_RESULT<18> |    9.919|
ALU_A<16>      |ALU_RESULT<19> |   10.367|
ALU_A<16>      |ALU_RESULT<20> |   10.446|
ALU_A<16>      |ALU_RESULT<21> |   10.752|
ALU_A<16>      |ALU_RESULT<22> |    9.802|
ALU_A<16>      |ALU_RESULT<23> |    9.943|
ALU_A<16>      |ALU_RESULT<24> |   10.561|
ALU_A<16>      |ALU_RESULT<25> |   10.511|
ALU_A<16>      |ALU_RESULT<26> |   11.103|
ALU_A<16>      |ALU_RESULT<27> |   10.931|
ALU_A<16>      |ALU_RESULT<28> |   10.964|
ALU_A<16>      |ALU_RESULT<29> |   11.431|
ALU_A<16>      |ALU_RESULT<30> |   11.521|
ALU_A<16>      |ALU_RESULT<31> |   10.950|
ALU_A<16>      |ALU_ZERO       |   14.187|
ALU_A<17>      |ALU_RESULT<17> |   10.520|
ALU_A<17>      |ALU_RESULT<18> |   10.175|
ALU_A<17>      |ALU_RESULT<19> |   10.629|
ALU_A<17>      |ALU_RESULT<20> |   10.701|
ALU_A<17>      |ALU_RESULT<21> |   11.007|
ALU_A<17>      |ALU_RESULT<22> |   10.057|
ALU_A<17>      |ALU_RESULT<23> |   10.198|
ALU_A<17>      |ALU_RESULT<24> |   10.816|
ALU_A<17>      |ALU_RESULT<25> |   10.766|
ALU_A<17>      |ALU_RESULT<26> |   11.358|
ALU_A<17>      |ALU_RESULT<27> |   11.186|
ALU_A<17>      |ALU_RESULT<28> |   11.219|
ALU_A<17>      |ALU_RESULT<29> |   11.686|
ALU_A<17>      |ALU_RESULT<30> |   11.776|
ALU_A<17>      |ALU_RESULT<31> |   11.205|
ALU_A<17>      |ALU_ZERO       |   14.442|
ALU_A<18>      |ALU_RESULT<18> |   10.122|
ALU_A<18>      |ALU_RESULT<19> |   10.572|
ALU_A<18>      |ALU_RESULT<20> |   10.690|
ALU_A<18>      |ALU_RESULT<21> |   10.996|
ALU_A<18>      |ALU_RESULT<22> |   10.046|
ALU_A<18>      |ALU_RESULT<23> |   10.187|
ALU_A<18>      |ALU_RESULT<24> |   10.805|
ALU_A<18>      |ALU_RESULT<25> |   10.755|
ALU_A<18>      |ALU_RESULT<26> |   11.347|
ALU_A<18>      |ALU_RESULT<27> |   11.175|
ALU_A<18>      |ALU_RESULT<28> |   11.208|
ALU_A<18>      |ALU_RESULT<29> |   11.675|
ALU_A<18>      |ALU_RESULT<30> |   11.765|
ALU_A<18>      |ALU_RESULT<31> |   11.194|
ALU_A<18>      |ALU_ZERO       |   14.431|
ALU_A<19>      |ALU_RESULT<19> |   10.598|
ALU_A<19>      |ALU_RESULT<20> |   10.718|
ALU_A<19>      |ALU_RESULT<21> |   11.024|
ALU_A<19>      |ALU_RESULT<22> |   10.074|
ALU_A<19>      |ALU_RESULT<23> |   10.215|
ALU_A<19>      |ALU_RESULT<24> |   10.833|
ALU_A<19>      |ALU_RESULT<25> |   10.783|
ALU_A<19>      |ALU_RESULT<26> |   11.375|
ALU_A<19>      |ALU_RESULT<27> |   11.203|
ALU_A<19>      |ALU_RESULT<28> |   11.236|
ALU_A<19>      |ALU_RESULT<29> |   11.703|
ALU_A<19>      |ALU_RESULT<30> |   11.793|
ALU_A<19>      |ALU_RESULT<31> |   11.222|
ALU_A<19>      |ALU_ZERO       |   14.459|
ALU_A<20>      |ALU_RESULT<20> |   10.699|
ALU_A<20>      |ALU_RESULT<21> |   10.977|
ALU_A<20>      |ALU_RESULT<22> |   10.116|
ALU_A<20>      |ALU_RESULT<23> |   10.274|
ALU_A<20>      |ALU_RESULT<24> |   10.933|
ALU_A<20>      |ALU_RESULT<25> |   10.883|
ALU_A<20>      |ALU_RESULT<26> |   11.475|
ALU_A<20>      |ALU_RESULT<27> |   11.303|
ALU_A<20>      |ALU_RESULT<28> |   11.336|
ALU_A<20>      |ALU_RESULT<29> |   11.803|
ALU_A<20>      |ALU_RESULT<30> |   11.893|
ALU_A<20>      |ALU_RESULT<31> |   11.322|
ALU_A<20>      |ALU_ZERO       |   14.412|
ALU_A<21>      |ALU_RESULT<21> |   11.291|
ALU_A<21>      |ALU_RESULT<22> |   10.475|
ALU_A<21>      |ALU_RESULT<23> |   10.639|
ALU_A<21>      |ALU_RESULT<24> |   11.291|
ALU_A<21>      |ALU_RESULT<25> |   11.241|
ALU_A<21>      |ALU_RESULT<26> |   11.833|
ALU_A<21>      |ALU_RESULT<27> |   11.661|
ALU_A<21>      |ALU_RESULT<28> |   11.694|
ALU_A<21>      |ALU_RESULT<29> |   12.161|
ALU_A<21>      |ALU_RESULT<30> |   12.251|
ALU_A<21>      |ALU_RESULT<31> |   11.680|
ALU_A<21>      |ALU_ZERO       |   14.726|
ALU_A<22>      |ALU_RESULT<22> |   10.142|
ALU_A<22>      |ALU_RESULT<23> |   10.302|
ALU_A<22>      |ALU_RESULT<24> |   11.000|
ALU_A<22>      |ALU_RESULT<25> |   10.950|
ALU_A<22>      |ALU_RESULT<26> |   11.542|
ALU_A<22>      |ALU_RESULT<27> |   11.370|
ALU_A<22>      |ALU_RESULT<28> |   11.403|
ALU_A<22>      |ALU_RESULT<29> |   11.870|
ALU_A<22>      |ALU_RESULT<30> |   11.960|
ALU_A<22>      |ALU_RESULT<31> |   11.389|
ALU_A<22>      |ALU_ZERO       |   14.389|
ALU_A<23>      |ALU_RESULT<23> |    9.987|
ALU_A<23>      |ALU_RESULT<24> |   10.687|
ALU_A<23>      |ALU_RESULT<25> |   10.637|
ALU_A<23>      |ALU_RESULT<26> |   11.229|
ALU_A<23>      |ALU_RESULT<27> |   11.057|
ALU_A<23>      |ALU_RESULT<28> |   11.090|
ALU_A<23>      |ALU_RESULT<29> |   11.557|
ALU_A<23>      |ALU_RESULT<30> |   11.647|
ALU_A<23>      |ALU_RESULT<31> |   11.076|
ALU_A<23>      |ALU_ZERO       |   14.076|
ALU_A<24>      |ALU_RESULT<24> |   10.627|
ALU_A<24>      |ALU_RESULT<25> |   10.549|
ALU_A<24>      |ALU_RESULT<26> |   11.230|
ALU_A<24>      |ALU_RESULT<27> |   11.075|
ALU_A<24>      |ALU_RESULT<28> |   11.149|
ALU_A<24>      |ALU_RESULT<29> |   11.616|
ALU_A<24>      |ALU_RESULT<30> |   11.706|
ALU_A<24>      |ALU_RESULT<31> |   11.135|
ALU_A<24>      |ALU_ZERO       |   14.135|
ALU_A<25>      |ALU_RESULT<25> |   10.310|
ALU_A<25>      |ALU_RESULT<26> |   11.036|
ALU_A<25>      |ALU_RESULT<27> |   10.887|
ALU_A<25>      |ALU_RESULT<28> |   10.954|
ALU_A<25>      |ALU_RESULT<29> |   11.421|
ALU_A<25>      |ALU_RESULT<30> |   11.511|
ALU_A<25>      |ALU_RESULT<31> |   10.940|
ALU_A<25>      |ALU_ZERO       |   13.940|
ALU_A<26>      |ALU_RESULT<26> |   11.045|
ALU_A<26>      |ALU_RESULT<27> |   10.892|
ALU_A<26>      |ALU_RESULT<28> |   11.005|
ALU_A<26>      |ALU_RESULT<29> |   11.472|
ALU_A<26>      |ALU_RESULT<30> |   11.562|
ALU_A<26>      |ALU_RESULT<31> |   10.991|
ALU_A<26>      |ALU_ZERO       |   13.991|
ALU_A<27>      |ALU_RESULT<27> |   11.278|
ALU_A<27>      |ALU_RESULT<28> |   11.393|
ALU_A<27>      |ALU_RESULT<29> |   11.860|
ALU_A<27>      |ALU_RESULT<30> |   11.950|
ALU_A<27>      |ALU_RESULT<31> |   11.379|
ALU_A<27>      |ALU_ZERO       |   14.379|
ALU_A<28>      |ALU_RESULT<28> |   11.349|
ALU_A<28>      |ALU_RESULT<29> |   11.788|
ALU_A<28>      |ALU_RESULT<30> |   11.967|
ALU_A<28>      |ALU_RESULT<31> |   11.413|
ALU_A<28>      |ALU_ZERO       |   14.396|
ALU_A<29>      |ALU_RESULT<29> |   12.173|
ALU_A<29>      |ALU_RESULT<30> |   12.397|
ALU_A<29>      |ALU_RESULT<31> |   11.849|
ALU_A<29>      |ALU_ZERO       |   14.826|
ALU_A<30>      |ALU_RESULT<30> |   11.338|
ALU_A<30>      |ALU_RESULT<31> |   10.786|
ALU_A<30>      |ALU_ZERO       |   13.767|
ALU_A<31>      |ALU_RESULT<31> |   11.086|
ALU_A<31>      |ALU_ZERO       |   13.481|
ALU_B<0>       |ALU_RESULT<0>  |   11.625|
ALU_B<0>       |ALU_RESULT<1>  |   12.133|
ALU_B<0>       |ALU_RESULT<2>  |   12.184|
ALU_B<0>       |ALU_RESULT<3>  |   11.973|
ALU_B<0>       |ALU_RESULT<4>  |   11.907|
ALU_B<0>       |ALU_RESULT<5>  |   12.289|
ALU_B<0>       |ALU_RESULT<6>  |   11.823|
ALU_B<0>       |ALU_RESULT<7>  |   12.440|
ALU_B<0>       |ALU_RESULT<8>  |   11.002|
ALU_B<0>       |ALU_RESULT<9>  |   11.247|
ALU_B<0>       |ALU_RESULT<10> |   11.225|
ALU_B<0>       |ALU_RESULT<11> |   11.025|
ALU_B<0>       |ALU_RESULT<12> |   11.498|
ALU_B<0>       |ALU_RESULT<13> |   11.551|
ALU_B<0>       |ALU_RESULT<14> |   11.409|
ALU_B<0>       |ALU_RESULT<15> |   11.077|
ALU_B<0>       |ALU_RESULT<16> |   11.224|
ALU_B<0>       |ALU_RESULT<17> |   11.428|
ALU_B<0>       |ALU_RESULT<18> |   10.949|
ALU_B<0>       |ALU_RESULT<19> |   11.380|
ALU_B<0>       |ALU_RESULT<20> |   11.418|
ALU_B<0>       |ALU_RESULT<21> |   11.724|
ALU_B<0>       |ALU_RESULT<22> |   10.774|
ALU_B<0>       |ALU_RESULT<23> |   10.915|
ALU_B<0>       |ALU_RESULT<24> |   11.533|
ALU_B<0>       |ALU_RESULT<25> |   11.483|
ALU_B<0>       |ALU_RESULT<26> |   12.075|
ALU_B<0>       |ALU_RESULT<27> |   11.903|
ALU_B<0>       |ALU_RESULT<28> |   11.936|
ALU_B<0>       |ALU_RESULT<29> |   12.403|
ALU_B<0>       |ALU_RESULT<30> |   12.493|
ALU_B<0>       |ALU_RESULT<31> |   11.922|
ALU_B<0>       |ALU_ZERO       |   15.159|
ALU_B<1>       |ALU_RESULT<1>  |   12.517|
ALU_B<1>       |ALU_RESULT<2>  |   12.613|
ALU_B<1>       |ALU_RESULT<3>  |   12.408|
ALU_B<1>       |ALU_RESULT<4>  |   12.335|
ALU_B<1>       |ALU_RESULT<5>  |   12.717|
ALU_B<1>       |ALU_RESULT<6>  |   12.251|
ALU_B<1>       |ALU_RESULT<7>  |   12.868|
ALU_B<1>       |ALU_RESULT<8>  |   11.430|
ALU_B<1>       |ALU_RESULT<9>  |   11.675|
ALU_B<1>       |ALU_RESULT<10> |   11.653|
ALU_B<1>       |ALU_RESULT<11> |   11.453|
ALU_B<1>       |ALU_RESULT<12> |   11.926|
ALU_B<1>       |ALU_RESULT<13> |   11.979|
ALU_B<1>       |ALU_RESULT<14> |   11.837|
ALU_B<1>       |ALU_RESULT<15> |   11.505|
ALU_B<1>       |ALU_RESULT<16> |   11.652|
ALU_B<1>       |ALU_RESULT<17> |   11.856|
ALU_B<1>       |ALU_RESULT<18> |   11.377|
ALU_B<1>       |ALU_RESULT<19> |   11.808|
ALU_B<1>       |ALU_RESULT<20> |   11.846|
ALU_B<1>       |ALU_RESULT<21> |   12.152|
ALU_B<1>       |ALU_RESULT<22> |   11.202|
ALU_B<1>       |ALU_RESULT<23> |   11.343|
ALU_B<1>       |ALU_RESULT<24> |   11.961|
ALU_B<1>       |ALU_RESULT<25> |   11.911|
ALU_B<1>       |ALU_RESULT<26> |   12.503|
ALU_B<1>       |ALU_RESULT<27> |   12.331|
ALU_B<1>       |ALU_RESULT<28> |   12.364|
ALU_B<1>       |ALU_RESULT<29> |   12.831|
ALU_B<1>       |ALU_RESULT<30> |   12.921|
ALU_B<1>       |ALU_RESULT<31> |   12.350|
ALU_B<1>       |ALU_ZERO       |   15.587|
ALU_B<2>       |ALU_RESULT<2>  |   12.987|
ALU_B<2>       |ALU_RESULT<3>  |   12.778|
ALU_B<2>       |ALU_RESULT<4>  |   12.751|
ALU_B<2>       |ALU_RESULT<5>  |   13.133|
ALU_B<2>       |ALU_RESULT<6>  |   12.667|
ALU_B<2>       |ALU_RESULT<7>  |   13.284|
ALU_B<2>       |ALU_RESULT<8>  |   11.846|
ALU_B<2>       |ALU_RESULT<9>  |   12.091|
ALU_B<2>       |ALU_RESULT<10> |   12.069|
ALU_B<2>       |ALU_RESULT<11> |   11.869|
ALU_B<2>       |ALU_RESULT<12> |   12.342|
ALU_B<2>       |ALU_RESULT<13> |   12.395|
ALU_B<2>       |ALU_RESULT<14> |   12.253|
ALU_B<2>       |ALU_RESULT<15> |   11.921|
ALU_B<2>       |ALU_RESULT<16> |   12.068|
ALU_B<2>       |ALU_RESULT<17> |   12.272|
ALU_B<2>       |ALU_RESULT<18> |   11.793|
ALU_B<2>       |ALU_RESULT<19> |   12.224|
ALU_B<2>       |ALU_RESULT<20> |   12.262|
ALU_B<2>       |ALU_RESULT<21> |   12.568|
ALU_B<2>       |ALU_RESULT<22> |   11.618|
ALU_B<2>       |ALU_RESULT<23> |   11.759|
ALU_B<2>       |ALU_RESULT<24> |   12.377|
ALU_B<2>       |ALU_RESULT<25> |   12.327|
ALU_B<2>       |ALU_RESULT<26> |   12.919|
ALU_B<2>       |ALU_RESULT<27> |   12.747|
ALU_B<2>       |ALU_RESULT<28> |   12.780|
ALU_B<2>       |ALU_RESULT<29> |   13.247|
ALU_B<2>       |ALU_RESULT<30> |   13.337|
ALU_B<2>       |ALU_RESULT<31> |   12.766|
ALU_B<2>       |ALU_ZERO       |   16.003|
ALU_B<3>       |ALU_RESULT<3>  |   12.840|
ALU_B<3>       |ALU_RESULT<4>  |   12.815|
ALU_B<3>       |ALU_RESULT<5>  |   13.197|
ALU_B<3>       |ALU_RESULT<6>  |   12.731|
ALU_B<3>       |ALU_RESULT<7>  |   13.348|
ALU_B<3>       |ALU_RESULT<8>  |   11.910|
ALU_B<3>       |ALU_RESULT<9>  |   12.155|
ALU_B<3>       |ALU_RESULT<10> |   12.133|
ALU_B<3>       |ALU_RESULT<11> |   11.933|
ALU_B<3>       |ALU_RESULT<12> |   12.406|
ALU_B<3>       |ALU_RESULT<13> |   12.459|
ALU_B<3>       |ALU_RESULT<14> |   12.317|
ALU_B<3>       |ALU_RESULT<15> |   11.985|
ALU_B<3>       |ALU_RESULT<16> |   12.132|
ALU_B<3>       |ALU_RESULT<17> |   12.336|
ALU_B<3>       |ALU_RESULT<18> |   11.857|
ALU_B<3>       |ALU_RESULT<19> |   12.288|
ALU_B<3>       |ALU_RESULT<20> |   12.326|
ALU_B<3>       |ALU_RESULT<21> |   12.632|
ALU_B<3>       |ALU_RESULT<22> |   11.682|
ALU_B<3>       |ALU_RESULT<23> |   11.823|
ALU_B<3>       |ALU_RESULT<24> |   12.441|
ALU_B<3>       |ALU_RESULT<25> |   12.391|
ALU_B<3>       |ALU_RESULT<26> |   12.983|
ALU_B<3>       |ALU_RESULT<27> |   12.811|
ALU_B<3>       |ALU_RESULT<28> |   12.844|
ALU_B<3>       |ALU_RESULT<29> |   13.311|
ALU_B<3>       |ALU_RESULT<30> |   13.401|
ALU_B<3>       |ALU_RESULT<31> |   12.830|
ALU_B<3>       |ALU_ZERO       |   16.067|
ALU_B<4>       |ALU_RESULT<4>  |   12.089|
ALU_B<4>       |ALU_RESULT<5>  |   12.443|
ALU_B<4>       |ALU_RESULT<6>  |   12.066|
ALU_B<4>       |ALU_RESULT<7>  |   12.700|
ALU_B<4>       |ALU_RESULT<8>  |   11.303|
ALU_B<4>       |ALU_RESULT<9>  |   11.548|
ALU_B<4>       |ALU_RESULT<10> |   11.526|
ALU_B<4>       |ALU_RESULT<11> |   11.326|
ALU_B<4>       |ALU_RESULT<12> |   11.799|
ALU_B<4>       |ALU_RESULT<13> |   11.852|
ALU_B<4>       |ALU_RESULT<14> |   11.710|
ALU_B<4>       |ALU_RESULT<15> |   11.378|
ALU_B<4>       |ALU_RESULT<16> |   11.525|
ALU_B<4>       |ALU_RESULT<17> |   11.729|
ALU_B<4>       |ALU_RESULT<18> |   11.250|
ALU_B<4>       |ALU_RESULT<19> |   11.681|
ALU_B<4>       |ALU_RESULT<20> |   11.719|
ALU_B<4>       |ALU_RESULT<21> |   12.025|
ALU_B<4>       |ALU_RESULT<22> |   11.075|
ALU_B<4>       |ALU_RESULT<23> |   11.216|
ALU_B<4>       |ALU_RESULT<24> |   11.834|
ALU_B<4>       |ALU_RESULT<25> |   11.784|
ALU_B<4>       |ALU_RESULT<26> |   12.376|
ALU_B<4>       |ALU_RESULT<27> |   12.204|
ALU_B<4>       |ALU_RESULT<28> |   12.237|
ALU_B<4>       |ALU_RESULT<29> |   12.704|
ALU_B<4>       |ALU_RESULT<30> |   12.794|
ALU_B<4>       |ALU_RESULT<31> |   12.223|
ALU_B<4>       |ALU_ZERO       |   15.460|
ALU_B<5>       |ALU_RESULT<5>  |   12.229|
ALU_B<5>       |ALU_RESULT<6>  |   11.897|
ALU_B<5>       |ALU_RESULT<7>  |   12.537|
ALU_B<5>       |ALU_RESULT<8>  |   11.133|
ALU_B<5>       |ALU_RESULT<9>  |   11.378|
ALU_B<5>       |ALU_RESULT<10> |   11.356|
ALU_B<5>       |ALU_RESULT<11> |   11.156|
ALU_B<5>       |ALU_RESULT<12> |   11.629|
ALU_B<5>       |ALU_RESULT<13> |   11.682|
ALU_B<5>       |ALU_RESULT<14> |   11.540|
ALU_B<5>       |ALU_RESULT<15> |   11.208|
ALU_B<5>       |ALU_RESULT<16> |   11.355|
ALU_B<5>       |ALU_RESULT<17> |   11.559|
ALU_B<5>       |ALU_RESULT<18> |   11.080|
ALU_B<5>       |ALU_RESULT<19> |   11.511|
ALU_B<5>       |ALU_RESULT<20> |   11.549|
ALU_B<5>       |ALU_RESULT<21> |   11.855|
ALU_B<5>       |ALU_RESULT<22> |   10.905|
ALU_B<5>       |ALU_RESULT<23> |   11.046|
ALU_B<5>       |ALU_RESULT<24> |   11.664|
ALU_B<5>       |ALU_RESULT<25> |   11.614|
ALU_B<5>       |ALU_RESULT<26> |   12.206|
ALU_B<5>       |ALU_RESULT<27> |   12.034|
ALU_B<5>       |ALU_RESULT<28> |   12.067|
ALU_B<5>       |ALU_RESULT<29> |   12.534|
ALU_B<5>       |ALU_RESULT<30> |   12.624|
ALU_B<5>       |ALU_RESULT<31> |   12.053|
ALU_B<5>       |ALU_ZERO       |   15.290|
ALU_B<6>       |ALU_RESULT<6>  |   11.668|
ALU_B<6>       |ALU_RESULT<7>  |   12.304|
ALU_B<6>       |ALU_RESULT<8>  |   10.946|
ALU_B<6>       |ALU_RESULT<9>  |   11.191|
ALU_B<6>       |ALU_RESULT<10> |   11.169|
ALU_B<6>       |ALU_RESULT<11> |   10.969|
ALU_B<6>       |ALU_RESULT<12> |   11.442|
ALU_B<6>       |ALU_RESULT<13> |   11.495|
ALU_B<6>       |ALU_RESULT<14> |   11.353|
ALU_B<6>       |ALU_RESULT<15> |   11.021|
ALU_B<6>       |ALU_RESULT<16> |   11.168|
ALU_B<6>       |ALU_RESULT<17> |   11.372|
ALU_B<6>       |ALU_RESULT<18> |   10.893|
ALU_B<6>       |ALU_RESULT<19> |   11.324|
ALU_B<6>       |ALU_RESULT<20> |   11.362|
ALU_B<6>       |ALU_RESULT<21> |   11.668|
ALU_B<6>       |ALU_RESULT<22> |   10.718|
ALU_B<6>       |ALU_RESULT<23> |   10.859|
ALU_B<6>       |ALU_RESULT<24> |   11.477|
ALU_B<6>       |ALU_RESULT<25> |   11.427|
ALU_B<6>       |ALU_RESULT<26> |   12.019|
ALU_B<6>       |ALU_RESULT<27> |   11.847|
ALU_B<6>       |ALU_RESULT<28> |   11.880|
ALU_B<6>       |ALU_RESULT<29> |   12.347|
ALU_B<6>       |ALU_RESULT<30> |   12.437|
ALU_B<6>       |ALU_RESULT<31> |   11.866|
ALU_B<6>       |ALU_ZERO       |   15.103|
ALU_B<7>       |ALU_RESULT<7>  |   12.691|
ALU_B<7>       |ALU_RESULT<8>  |   11.335|
ALU_B<7>       |ALU_RESULT<9>  |   11.580|
ALU_B<7>       |ALU_RESULT<10> |   11.558|
ALU_B<7>       |ALU_RESULT<11> |   11.358|
ALU_B<7>       |ALU_RESULT<12> |   11.831|
ALU_B<7>       |ALU_RESULT<13> |   11.884|
ALU_B<7>       |ALU_RESULT<14> |   11.742|
ALU_B<7>       |ALU_RESULT<15> |   11.410|
ALU_B<7>       |ALU_RESULT<16> |   11.557|
ALU_B<7>       |ALU_RESULT<17> |   11.761|
ALU_B<7>       |ALU_RESULT<18> |   11.282|
ALU_B<7>       |ALU_RESULT<19> |   11.713|
ALU_B<7>       |ALU_RESULT<20> |   11.751|
ALU_B<7>       |ALU_RESULT<21> |   12.057|
ALU_B<7>       |ALU_RESULT<22> |   11.107|
ALU_B<7>       |ALU_RESULT<23> |   11.248|
ALU_B<7>       |ALU_RESULT<24> |   11.866|
ALU_B<7>       |ALU_RESULT<25> |   11.816|
ALU_B<7>       |ALU_RESULT<26> |   12.408|
ALU_B<7>       |ALU_RESULT<27> |   12.236|
ALU_B<7>       |ALU_RESULT<28> |   12.269|
ALU_B<7>       |ALU_RESULT<29> |   12.736|
ALU_B<7>       |ALU_RESULT<30> |   12.826|
ALU_B<7>       |ALU_RESULT<31> |   12.255|
ALU_B<7>       |ALU_ZERO       |   15.492|
ALU_B<8>       |ALU_RESULT<8>  |   10.915|
ALU_B<8>       |ALU_RESULT<9>  |   11.132|
ALU_B<8>       |ALU_RESULT<10> |   11.199|
ALU_B<8>       |ALU_RESULT<11> |   11.016|
ALU_B<8>       |ALU_RESULT<12> |   11.530|
ALU_B<8>       |ALU_RESULT<13> |   11.583|
ALU_B<8>       |ALU_RESULT<14> |   11.441|
ALU_B<8>       |ALU_RESULT<15> |   11.109|
ALU_B<8>       |ALU_RESULT<16> |   11.256|
ALU_B<8>       |ALU_RESULT<17> |   11.460|
ALU_B<8>       |ALU_RESULT<18> |   10.981|
ALU_B<8>       |ALU_RESULT<19> |   11.412|
ALU_B<8>       |ALU_RESULT<20> |   11.450|
ALU_B<8>       |ALU_RESULT<21> |   11.756|
ALU_B<8>       |ALU_RESULT<22> |   10.806|
ALU_B<8>       |ALU_RESULT<23> |   10.947|
ALU_B<8>       |ALU_RESULT<24> |   11.565|
ALU_B<8>       |ALU_RESULT<25> |   11.515|
ALU_B<8>       |ALU_RESULT<26> |   12.107|
ALU_B<8>       |ALU_RESULT<27> |   11.935|
ALU_B<8>       |ALU_RESULT<28> |   11.968|
ALU_B<8>       |ALU_RESULT<29> |   12.435|
ALU_B<8>       |ALU_RESULT<30> |   12.525|
ALU_B<8>       |ALU_RESULT<31> |   11.954|
ALU_B<8>       |ALU_ZERO       |   15.191|
ALU_B<9>       |ALU_RESULT<9>  |   11.454|
ALU_B<9>       |ALU_RESULT<10> |   11.566|
ALU_B<9>       |ALU_RESULT<11> |   11.389|
ALU_B<9>       |ALU_RESULT<12> |   11.896|
ALU_B<9>       |ALU_RESULT<13> |   11.949|
ALU_B<9>       |ALU_RESULT<14> |   11.807|
ALU_B<9>       |ALU_RESULT<15> |   11.475|
ALU_B<9>       |ALU_RESULT<16> |   11.622|
ALU_B<9>       |ALU_RESULT<17> |   11.826|
ALU_B<9>       |ALU_RESULT<18> |   11.347|
ALU_B<9>       |ALU_RESULT<19> |   11.778|
ALU_B<9>       |ALU_RESULT<20> |   11.816|
ALU_B<9>       |ALU_RESULT<21> |   12.122|
ALU_B<9>       |ALU_RESULT<22> |   11.172|
ALU_B<9>       |ALU_RESULT<23> |   11.313|
ALU_B<9>       |ALU_RESULT<24> |   11.931|
ALU_B<9>       |ALU_RESULT<25> |   11.881|
ALU_B<9>       |ALU_RESULT<26> |   12.473|
ALU_B<9>       |ALU_RESULT<27> |   12.301|
ALU_B<9>       |ALU_RESULT<28> |   12.334|
ALU_B<9>       |ALU_RESULT<29> |   12.801|
ALU_B<9>       |ALU_RESULT<30> |   12.891|
ALU_B<9>       |ALU_RESULT<31> |   12.320|
ALU_B<9>       |ALU_ZERO       |   15.557|
ALU_B<10>      |ALU_RESULT<10> |   10.868|
ALU_B<10>      |ALU_RESULT<11> |   10.687|
ALU_B<10>      |ALU_RESULT<12> |   11.240|
ALU_B<10>      |ALU_RESULT<13> |   11.293|
ALU_B<10>      |ALU_RESULT<14> |   11.151|
ALU_B<10>      |ALU_RESULT<15> |   10.819|
ALU_B<10>      |ALU_RESULT<16> |   10.966|
ALU_B<10>      |ALU_RESULT<17> |   11.170|
ALU_B<10>      |ALU_RESULT<18> |   10.691|
ALU_B<10>      |ALU_RESULT<19> |   11.122|
ALU_B<10>      |ALU_RESULT<20> |   11.160|
ALU_B<10>      |ALU_RESULT<21> |   11.466|
ALU_B<10>      |ALU_RESULT<22> |   10.516|
ALU_B<10>      |ALU_RESULT<23> |   10.657|
ALU_B<10>      |ALU_RESULT<24> |   11.275|
ALU_B<10>      |ALU_RESULT<25> |   11.225|
ALU_B<10>      |ALU_RESULT<26> |   11.817|
ALU_B<10>      |ALU_RESULT<27> |   11.645|
ALU_B<10>      |ALU_RESULT<28> |   11.678|
ALU_B<10>      |ALU_RESULT<29> |   12.145|
ALU_B<10>      |ALU_RESULT<30> |   12.235|
ALU_B<10>      |ALU_RESULT<31> |   11.664|
ALU_B<10>      |ALU_ZERO       |   14.901|
ALU_B<11>      |ALU_RESULT<11> |   11.616|
ALU_B<11>      |ALU_RESULT<12> |   12.171|
ALU_B<11>      |ALU_RESULT<13> |   12.224|
ALU_B<11>      |ALU_RESULT<14> |   12.082|
ALU_B<11>      |ALU_RESULT<15> |   11.750|
ALU_B<11>      |ALU_RESULT<16> |   11.897|
ALU_B<11>      |ALU_RESULT<17> |   12.101|
ALU_B<11>      |ALU_RESULT<18> |   11.622|
ALU_B<11>      |ALU_RESULT<19> |   12.053|
ALU_B<11>      |ALU_RESULT<20> |   12.091|
ALU_B<11>      |ALU_RESULT<21> |   12.397|
ALU_B<11>      |ALU_RESULT<22> |   11.447|
ALU_B<11>      |ALU_RESULT<23> |   11.588|
ALU_B<11>      |ALU_RESULT<24> |   12.206|
ALU_B<11>      |ALU_RESULT<25> |   12.156|
ALU_B<11>      |ALU_RESULT<26> |   12.748|
ALU_B<11>      |ALU_RESULT<27> |   12.576|
ALU_B<11>      |ALU_RESULT<28> |   12.609|
ALU_B<11>      |ALU_RESULT<29> |   13.076|
ALU_B<11>      |ALU_RESULT<30> |   13.166|
ALU_B<11>      |ALU_RESULT<31> |   12.595|
ALU_B<11>      |ALU_ZERO       |   15.832|
ALU_B<12>      |ALU_RESULT<12> |   11.515|
ALU_B<12>      |ALU_RESULT<13> |   11.540|
ALU_B<12>      |ALU_RESULT<14> |   11.487|
ALU_B<12>      |ALU_RESULT<15> |   11.172|
ALU_B<12>      |ALU_RESULT<16> |   11.360|
ALU_B<12>      |ALU_RESULT<17> |   11.564|
ALU_B<12>      |ALU_RESULT<18> |   11.085|
ALU_B<12>      |ALU_RESULT<19> |   11.516|
ALU_B<12>      |ALU_RESULT<20> |   11.554|
ALU_B<12>      |ALU_RESULT<21> |   11.860|
ALU_B<12>      |ALU_RESULT<22> |   10.910|
ALU_B<12>      |ALU_RESULT<23> |   11.051|
ALU_B<12>      |ALU_RESULT<24> |   11.669|
ALU_B<12>      |ALU_RESULT<25> |   11.619|
ALU_B<12>      |ALU_RESULT<26> |   12.211|
ALU_B<12>      |ALU_RESULT<27> |   12.039|
ALU_B<12>      |ALU_RESULT<28> |   12.072|
ALU_B<12>      |ALU_RESULT<29> |   12.539|
ALU_B<12>      |ALU_RESULT<30> |   12.629|
ALU_B<12>      |ALU_RESULT<31> |   12.058|
ALU_B<12>      |ALU_ZERO       |   15.295|
ALU_B<13>      |ALU_RESULT<13> |   11.473|
ALU_B<13>      |ALU_RESULT<14> |   11.465|
ALU_B<13>      |ALU_RESULT<15> |   11.156|
ALU_B<13>      |ALU_RESULT<16> |   11.337|
ALU_B<13>      |ALU_RESULT<17> |   11.541|
ALU_B<13>      |ALU_RESULT<18> |   11.062|
ALU_B<13>      |ALU_RESULT<19> |   11.493|
ALU_B<13>      |ALU_RESULT<20> |   11.531|
ALU_B<13>      |ALU_RESULT<21> |   11.837|
ALU_B<13>      |ALU_RESULT<22> |   10.887|
ALU_B<13>      |ALU_RESULT<23> |   11.028|
ALU_B<13>      |ALU_RESULT<24> |   11.646|
ALU_B<13>      |ALU_RESULT<25> |   11.596|
ALU_B<13>      |ALU_RESULT<26> |   12.188|
ALU_B<13>      |ALU_RESULT<27> |   12.016|
ALU_B<13>      |ALU_RESULT<28> |   12.049|
ALU_B<13>      |ALU_RESULT<29> |   12.516|
ALU_B<13>      |ALU_RESULT<30> |   12.606|
ALU_B<13>      |ALU_RESULT<31> |   12.035|
ALU_B<13>      |ALU_ZERO       |   15.272|
ALU_B<14>      |ALU_RESULT<14> |   11.160|
ALU_B<14>      |ALU_RESULT<15> |   10.847|
ALU_B<14>      |ALU_RESULT<16> |   11.074|
ALU_B<14>      |ALU_RESULT<17> |   11.278|
ALU_B<14>      |ALU_RESULT<18> |   10.799|
ALU_B<14>      |ALU_RESULT<19> |   11.230|
ALU_B<14>      |ALU_RESULT<20> |   11.268|
ALU_B<14>      |ALU_RESULT<21> |   11.574|
ALU_B<14>      |ALU_RESULT<22> |   10.624|
ALU_B<14>      |ALU_RESULT<23> |   10.765|
ALU_B<14>      |ALU_RESULT<24> |   11.383|
ALU_B<14>      |ALU_RESULT<25> |   11.333|
ALU_B<14>      |ALU_RESULT<26> |   11.925|
ALU_B<14>      |ALU_RESULT<27> |   11.753|
ALU_B<14>      |ALU_RESULT<28> |   11.786|
ALU_B<14>      |ALU_RESULT<29> |   12.253|
ALU_B<14>      |ALU_RESULT<30> |   12.343|
ALU_B<14>      |ALU_RESULT<31> |   11.772|
ALU_B<14>      |ALU_ZERO       |   15.009|
ALU_B<15>      |ALU_RESULT<15> |   11.240|
ALU_B<15>      |ALU_RESULT<16> |   11.469|
ALU_B<15>      |ALU_RESULT<17> |   11.673|
ALU_B<15>      |ALU_RESULT<18> |   11.194|
ALU_B<15>      |ALU_RESULT<19> |   11.625|
ALU_B<15>      |ALU_RESULT<20> |   11.663|
ALU_B<15>      |ALU_RESULT<21> |   11.969|
ALU_B<15>      |ALU_RESULT<22> |   11.019|
ALU_B<15>      |ALU_RESULT<23> |   11.160|
ALU_B<15>      |ALU_RESULT<24> |   11.778|
ALU_B<15>      |ALU_RESULT<25> |   11.728|
ALU_B<15>      |ALU_RESULT<26> |   12.320|
ALU_B<15>      |ALU_RESULT<27> |   12.148|
ALU_B<15>      |ALU_RESULT<28> |   12.181|
ALU_B<15>      |ALU_RESULT<29> |   12.648|
ALU_B<15>      |ALU_RESULT<30> |   12.738|
ALU_B<15>      |ALU_RESULT<31> |   12.167|
ALU_B<15>      |ALU_ZERO       |   15.404|
ALU_B<16>      |ALU_RESULT<16> |   11.268|
ALU_B<16>      |ALU_RESULT<17> |   11.444|
ALU_B<16>      |ALU_RESULT<18> |   11.054|
ALU_B<16>      |ALU_RESULT<19> |   11.502|
ALU_B<16>      |ALU_RESULT<20> |   11.581|
ALU_B<16>      |ALU_RESULT<21> |   11.887|
ALU_B<16>      |ALU_RESULT<22> |   10.937|
ALU_B<16>      |ALU_RESULT<23> |   11.078|
ALU_B<16>      |ALU_RESULT<24> |   11.696|
ALU_B<16>      |ALU_RESULT<25> |   11.646|
ALU_B<16>      |ALU_RESULT<26> |   12.238|
ALU_B<16>      |ALU_RESULT<27> |   12.066|
ALU_B<16>      |ALU_RESULT<28> |   12.099|
ALU_B<16>      |ALU_RESULT<29> |   12.566|
ALU_B<16>      |ALU_RESULT<30> |   12.656|
ALU_B<16>      |ALU_RESULT<31> |   12.085|
ALU_B<16>      |ALU_ZERO       |   15.322|
ALU_B<17>      |ALU_RESULT<17> |   11.179|
ALU_B<17>      |ALU_RESULT<18> |   10.834|
ALU_B<17>      |ALU_RESULT<19> |   11.288|
ALU_B<17>      |ALU_RESULT<20> |   11.360|
ALU_B<17>      |ALU_RESULT<21> |   11.666|
ALU_B<17>      |ALU_RESULT<22> |   10.716|
ALU_B<17>      |ALU_RESULT<23> |   10.857|
ALU_B<17>      |ALU_RESULT<24> |   11.475|
ALU_B<17>      |ALU_RESULT<25> |   11.425|
ALU_B<17>      |ALU_RESULT<26> |   12.017|
ALU_B<17>      |ALU_RESULT<27> |   11.845|
ALU_B<17>      |ALU_RESULT<28> |   11.878|
ALU_B<17>      |ALU_RESULT<29> |   12.345|
ALU_B<17>      |ALU_RESULT<30> |   12.435|
ALU_B<17>      |ALU_RESULT<31> |   11.864|
ALU_B<17>      |ALU_ZERO       |   15.101|
ALU_B<18>      |ALU_RESULT<18> |   10.720|
ALU_B<18>      |ALU_RESULT<19> |   11.170|
ALU_B<18>      |ALU_RESULT<20> |   11.288|
ALU_B<18>      |ALU_RESULT<21> |   11.594|
ALU_B<18>      |ALU_RESULT<22> |   10.644|
ALU_B<18>      |ALU_RESULT<23> |   10.785|
ALU_B<18>      |ALU_RESULT<24> |   11.403|
ALU_B<18>      |ALU_RESULT<25> |   11.353|
ALU_B<18>      |ALU_RESULT<26> |   11.945|
ALU_B<18>      |ALU_RESULT<27> |   11.773|
ALU_B<18>      |ALU_RESULT<28> |   11.806|
ALU_B<18>      |ALU_RESULT<29> |   12.273|
ALU_B<18>      |ALU_RESULT<30> |   12.363|
ALU_B<18>      |ALU_RESULT<31> |   11.792|
ALU_B<18>      |ALU_ZERO       |   15.029|
ALU_B<19>      |ALU_RESULT<19> |   11.621|
ALU_B<19>      |ALU_RESULT<20> |   11.741|
ALU_B<19>      |ALU_RESULT<21> |   12.047|
ALU_B<19>      |ALU_RESULT<22> |   11.097|
ALU_B<19>      |ALU_RESULT<23> |   11.238|
ALU_B<19>      |ALU_RESULT<24> |   11.856|
ALU_B<19>      |ALU_RESULT<25> |   11.806|
ALU_B<19>      |ALU_RESULT<26> |   12.398|
ALU_B<19>      |ALU_RESULT<27> |   12.226|
ALU_B<19>      |ALU_RESULT<28> |   12.259|
ALU_B<19>      |ALU_RESULT<29> |   12.726|
ALU_B<19>      |ALU_RESULT<30> |   12.816|
ALU_B<19>      |ALU_RESULT<31> |   12.245|
ALU_B<19>      |ALU_ZERO       |   15.482|
ALU_B<20>      |ALU_RESULT<20> |   12.031|
ALU_B<20>      |ALU_RESULT<21> |   12.309|
ALU_B<20>      |ALU_RESULT<22> |   11.448|
ALU_B<20>      |ALU_RESULT<23> |   11.606|
ALU_B<20>      |ALU_RESULT<24> |   12.265|
ALU_B<20>      |ALU_RESULT<25> |   12.215|
ALU_B<20>      |ALU_RESULT<26> |   12.807|
ALU_B<20>      |ALU_RESULT<27> |   12.635|
ALU_B<20>      |ALU_RESULT<28> |   12.668|
ALU_B<20>      |ALU_RESULT<29> |   13.135|
ALU_B<20>      |ALU_RESULT<30> |   13.225|
ALU_B<20>      |ALU_RESULT<31> |   12.654|
ALU_B<20>      |ALU_ZERO       |   15.744|
ALU_B<21>      |ALU_RESULT<21> |   11.726|
ALU_B<21>      |ALU_RESULT<22> |   10.910|
ALU_B<21>      |ALU_RESULT<23> |   11.074|
ALU_B<21>      |ALU_RESULT<24> |   11.726|
ALU_B<21>      |ALU_RESULT<25> |   11.676|
ALU_B<21>      |ALU_RESULT<26> |   12.268|
ALU_B<21>      |ALU_RESULT<27> |   12.096|
ALU_B<21>      |ALU_RESULT<28> |   12.129|
ALU_B<21>      |ALU_RESULT<29> |   12.596|
ALU_B<21>      |ALU_RESULT<30> |   12.686|
ALU_B<21>      |ALU_RESULT<31> |   12.115|
ALU_B<21>      |ALU_ZERO       |   15.161|
ALU_B<22>      |ALU_RESULT<22> |   11.060|
ALU_B<22>      |ALU_RESULT<23> |   11.220|
ALU_B<22>      |ALU_RESULT<24> |   11.918|
ALU_B<22>      |ALU_RESULT<25> |   11.868|
ALU_B<22>      |ALU_RESULT<26> |   12.460|
ALU_B<22>      |ALU_RESULT<27> |   12.288|
ALU_B<22>      |ALU_RESULT<28> |   12.321|
ALU_B<22>      |ALU_RESULT<29> |   12.788|
ALU_B<22>      |ALU_RESULT<30> |   12.878|
ALU_B<22>      |ALU_RESULT<31> |   12.307|
ALU_B<22>      |ALU_ZERO       |   15.307|
ALU_B<23>      |ALU_RESULT<23> |   11.264|
ALU_B<23>      |ALU_RESULT<24> |   11.754|
ALU_B<23>      |ALU_RESULT<25> |   11.704|
ALU_B<23>      |ALU_RESULT<26> |   12.296|
ALU_B<23>      |ALU_RESULT<27> |   12.124|
ALU_B<23>      |ALU_RESULT<28> |   12.157|
ALU_B<23>      |ALU_RESULT<29> |   12.624|
ALU_B<23>      |ALU_RESULT<30> |   12.714|
ALU_B<23>      |ALU_RESULT<31> |   12.143|
ALU_B<23>      |ALU_ZERO       |   15.143|
ALU_B<24>      |ALU_RESULT<24> |   11.587|
ALU_B<24>      |ALU_RESULT<25> |   11.509|
ALU_B<24>      |ALU_RESULT<26> |   12.190|
ALU_B<24>      |ALU_RESULT<27> |   12.035|
ALU_B<24>      |ALU_RESULT<28> |   12.109|
ALU_B<24>      |ALU_RESULT<29> |   12.576|
ALU_B<24>      |ALU_RESULT<30> |   12.666|
ALU_B<24>      |ALU_RESULT<31> |   12.095|
ALU_B<24>      |ALU_ZERO       |   15.095|
ALU_B<25>      |ALU_RESULT<25> |   11.521|
ALU_B<25>      |ALU_RESULT<26> |   12.247|
ALU_B<25>      |ALU_RESULT<27> |   12.098|
ALU_B<25>      |ALU_RESULT<28> |   12.165|
ALU_B<25>      |ALU_RESULT<29> |   12.632|
ALU_B<25>      |ALU_RESULT<30> |   12.722|
ALU_B<25>      |ALU_RESULT<31> |   12.151|
ALU_B<25>      |ALU_ZERO       |   15.151|
ALU_B<26>      |ALU_RESULT<26> |   11.724|
ALU_B<26>      |ALU_RESULT<27> |   11.571|
ALU_B<26>      |ALU_RESULT<28> |   11.684|
ALU_B<26>      |ALU_RESULT<29> |   12.151|
ALU_B<26>      |ALU_RESULT<30> |   12.241|
ALU_B<26>      |ALU_RESULT<31> |   11.670|
ALU_B<26>      |ALU_ZERO       |   14.670|
ALU_B<27>      |ALU_RESULT<27> |   11.800|
ALU_B<27>      |ALU_RESULT<28> |   11.915|
ALU_B<27>      |ALU_RESULT<29> |   12.382|
ALU_B<27>      |ALU_RESULT<30> |   12.472|
ALU_B<27>      |ALU_RESULT<31> |   11.901|
ALU_B<27>      |ALU_ZERO       |   14.901|
ALU_B<28>      |ALU_RESULT<28> |   11.857|
ALU_B<28>      |ALU_RESULT<29> |   12.296|
ALU_B<28>      |ALU_RESULT<30> |   12.475|
ALU_B<28>      |ALU_RESULT<31> |   11.921|
ALU_B<28>      |ALU_ZERO       |   14.904|
ALU_B<29>      |ALU_RESULT<29> |   12.047|
ALU_B<29>      |ALU_RESULT<30> |   12.271|
ALU_B<29>      |ALU_RESULT<31> |   11.723|
ALU_B<29>      |ALU_ZERO       |   14.700|
ALU_B<30>      |ALU_RESULT<30> |   12.141|
ALU_B<30>      |ALU_RESULT<31> |   11.589|
ALU_B<30>      |ALU_ZERO       |   14.570|
ALU_B<31>      |ALU_RESULT<31> |   11.373|
ALU_B<31>      |ALU_ZERO       |   13.768|
ALU_CNTRL<0>   |ALU_RESULT<0>  |   12.332|
ALU_CNTRL<0>   |ALU_RESULT<1>  |   13.313|
ALU_CNTRL<0>   |ALU_RESULT<2>  |   12.580|
ALU_CNTRL<0>   |ALU_RESULT<3>  |   11.932|
ALU_CNTRL<0>   |ALU_RESULT<4>  |   11.696|
ALU_CNTRL<0>   |ALU_RESULT<5>  |   11.476|
ALU_CNTRL<0>   |ALU_RESULT<6>  |   11.269|
ALU_CNTRL<0>   |ALU_RESULT<7>  |   12.298|
ALU_CNTRL<0>   |ALU_RESULT<8>  |   10.964|
ALU_CNTRL<0>   |ALU_RESULT<9>  |   11.371|
ALU_CNTRL<0>   |ALU_RESULT<10> |   11.386|
ALU_CNTRL<0>   |ALU_RESULT<11> |   10.686|
ALU_CNTRL<0>   |ALU_RESULT<12> |   10.792|
ALU_CNTRL<0>   |ALU_RESULT<13> |   11.690|
ALU_CNTRL<0>   |ALU_RESULT<14> |   11.686|
ALU_CNTRL<0>   |ALU_RESULT<15> |   11.139|
ALU_CNTRL<0>   |ALU_RESULT<16> |   11.509|
ALU_CNTRL<0>   |ALU_RESULT<17> |   11.095|
ALU_CNTRL<0>   |ALU_RESULT<18> |   10.583|
ALU_CNTRL<0>   |ALU_RESULT<19> |   10.983|
ALU_CNTRL<0>   |ALU_RESULT<20> |   10.484|
ALU_CNTRL<0>   |ALU_RESULT<21> |   11.245|
ALU_CNTRL<0>   |ALU_RESULT<22> |    9.932|
ALU_CNTRL<0>   |ALU_RESULT<23> |   10.722|
ALU_CNTRL<0>   |ALU_RESULT<24> |   10.413|
ALU_CNTRL<0>   |ALU_RESULT<25> |   11.267|
ALU_CNTRL<0>   |ALU_RESULT<26> |   11.758|
ALU_CNTRL<0>   |ALU_RESULT<27> |   11.533|
ALU_CNTRL<0>   |ALU_RESULT<28> |   11.108|
ALU_CNTRL<0>   |ALU_RESULT<29> |   11.705|
ALU_CNTRL<0>   |ALU_RESULT<30> |   11.316|
ALU_CNTRL<0>   |ALU_RESULT<31> |   11.231|
ALU_CNTRL<0>   |ALU_ZERO       |   15.402|
ALU_CNTRL<1>   |ALU_RESULT<0>  |   12.474|
ALU_CNTRL<1>   |ALU_RESULT<1>  |   13.176|
ALU_CNTRL<1>   |ALU_RESULT<2>  |   12.962|
ALU_CNTRL<1>   |ALU_RESULT<3>  |   11.739|
ALU_CNTRL<1>   |ALU_RESULT<4>  |   11.336|
ALU_CNTRL<1>   |ALU_RESULT<5>  |   11.520|
ALU_CNTRL<1>   |ALU_RESULT<6>  |   11.376|
ALU_CNTRL<1>   |ALU_RESULT<7>  |   12.064|
ALU_CNTRL<1>   |ALU_RESULT<8>  |   11.227|
ALU_CNTRL<1>   |ALU_RESULT<9>  |   11.488|
ALU_CNTRL<1>   |ALU_RESULT<10> |   11.806|
ALU_CNTRL<1>   |ALU_RESULT<11> |   10.588|
ALU_CNTRL<1>   |ALU_RESULT<12> |   11.079|
ALU_CNTRL<1>   |ALU_RESULT<13> |   11.260|
ALU_CNTRL<1>   |ALU_RESULT<14> |   11.330|
ALU_CNTRL<1>   |ALU_RESULT<15> |   10.886|
ALU_CNTRL<1>   |ALU_RESULT<16> |   11.594|
ALU_CNTRL<1>   |ALU_RESULT<17> |   10.967|
ALU_CNTRL<1>   |ALU_RESULT<18> |   10.879|
ALU_CNTRL<1>   |ALU_RESULT<19> |   10.944|
ALU_CNTRL<1>   |ALU_RESULT<20> |   10.175|
ALU_CNTRL<1>   |ALU_RESULT<21> |   11.230|
ALU_CNTRL<1>   |ALU_RESULT<22> |    9.846|
ALU_CNTRL<1>   |ALU_RESULT<23> |   10.623|
ALU_CNTRL<1>   |ALU_RESULT<24> |   10.634|
ALU_CNTRL<1>   |ALU_RESULT<25> |   11.516|
ALU_CNTRL<1>   |ALU_RESULT<26> |   11.596|
ALU_CNTRL<1>   |ALU_RESULT<27> |   11.115|
ALU_CNTRL<1>   |ALU_RESULT<28> |   10.965|
ALU_CNTRL<1>   |ALU_RESULT<29> |   11.357|
ALU_CNTRL<1>   |ALU_RESULT<30> |   11.575|
ALU_CNTRL<1>   |ALU_RESULT<31> |   11.626|
ALU_CNTRL<1>   |ALU_ZERO       |   15.265|
ALU_CNTRL<2>   |ALU_RESULT<0>  |   12.326|
ALU_CNTRL<2>   |ALU_RESULT<1>  |   12.810|
ALU_CNTRL<2>   |ALU_RESULT<2>  |   12.834|
ALU_CNTRL<2>   |ALU_RESULT<3>  |   11.974|
ALU_CNTRL<2>   |ALU_RESULT<4>  |   11.396|
ALU_CNTRL<2>   |ALU_RESULT<5>  |   11.352|
ALU_CNTRL<2>   |ALU_RESULT<6>  |   11.024|
ALU_CNTRL<2>   |ALU_RESULT<7>  |   11.951|
ALU_CNTRL<2>   |ALU_RESULT<8>  |   11.200|
ALU_CNTRL<2>   |ALU_RESULT<9>  |   11.091|
ALU_CNTRL<2>   |ALU_RESULT<10> |   11.437|
ALU_CNTRL<2>   |ALU_RESULT<11> |   10.668|
ALU_CNTRL<2>   |ALU_RESULT<12> |   10.571|
ALU_CNTRL<2>   |ALU_RESULT<13> |   11.573|
ALU_CNTRL<2>   |ALU_RESULT<14> |   11.535|
ALU_CNTRL<2>   |ALU_RESULT<15> |   10.585|
ALU_CNTRL<2>   |ALU_RESULT<16> |   11.392|
ALU_CNTRL<2>   |ALU_RESULT<17> |   11.119|
ALU_CNTRL<2>   |ALU_RESULT<18> |   10.698|
ALU_CNTRL<2>   |ALU_RESULT<19> |   10.872|
ALU_CNTRL<2>   |ALU_RESULT<20> |   10.229|
ALU_CNTRL<2>   |ALU_RESULT<21> |   11.252|
ALU_CNTRL<2>   |ALU_RESULT<22> |    9.738|
ALU_CNTRL<2>   |ALU_RESULT<23> |   10.738|
ALU_CNTRL<2>   |ALU_RESULT<24> |   10.444|
ALU_CNTRL<2>   |ALU_RESULT<25> |   10.844|
ALU_CNTRL<2>   |ALU_RESULT<26> |   11.325|
ALU_CNTRL<2>   |ALU_RESULT<27> |   11.094|
ALU_CNTRL<2>   |ALU_RESULT<28> |   10.756|
ALU_CNTRL<2>   |ALU_RESULT<29> |   11.122|
ALU_CNTRL<2>   |ALU_RESULT<30> |   11.281|
ALU_CNTRL<2>   |ALU_RESULT<31> |   11.238|
ALU_CNTRL<2>   |ALU_ZERO       |   14.899|
---------------+---------------+---------+


Analysis completed Wed Aug 26 16:53:22 2020 
--------------------------------------------------------------------------------

Trace Settings:
-------------------------
Trace Settings 

Peak Memory Usage: 145 MB



