--------------------------------------------------------------------------------
Release 14.7 Trace  (nt)
Copyright (c) 1995-2013 Xilinx, Inc.  All rights reserved.

C:\Xilinx\14.7\ISE_DS\ISE\bin\nt\unwrapped\trce.exe -intstyle ise -v 3 -s 3 -n
3 -fastpaths -xml add.twx add.ncd -o add.twr add.pcf

Design file:              add.ncd
Physical constraint file: add.pcf
Device,package,speed:     xc6slx25,csg324,C,-3 (PRODUCTION 1.23 2013-10-13)
Report level:             verbose report

Environment Variable      Effect 
--------------------      ------ 
NONE                      No environment variables were set
--------------------------------------------------------------------------------

INFO:Timing:2698 - No timing constraints found, doing default enumeration.
INFO:Timing:3412 - To improve timing, see the Timing Closure User Guide (UG612).
INFO:Timing:2752 - To get complete path coverage, use the unconstrained paths 
   option. All paths that are not constrained will be reported in the 
   unconstrained paths section(s) of the report.
INFO:Timing:3339 - The clock-to-out numbers in this timing report are based on 
   a 50 Ohm transmission line loading model.  For the details of this model, 
   and for more information on accounting for different loading conditions, 
   please see the device datasheet.



Data Sheet report:
-----------------
All values displayed in nanoseconds (ns)

Pad to Pad
---------------+---------------+---------+
Source Pad     |Destination Pad|  Delay  |
---------------+---------------+---------+
A_Adder<0>     |C_Adder<0>     |    9.135|
A_Adder<0>     |C_Adder<1>     |    9.417|
A_Adder<0>     |C_Adder<2>     |    9.825|
A_Adder<0>     |C_Adder<3>     |    9.842|
A_Adder<0>     |C_Adder<4>     |    9.707|
A_Adder<0>     |C_Adder<5>     |    9.599|
A_Adder<0>     |C_Adder<6>     |   10.232|
A_Adder<0>     |C_Adder<7>     |   10.043|
A_Adder<0>     |C_Adder<8>     |   10.277|
A_Adder<0>     |C_Adder<9>     |   10.330|
A_Adder<0>     |C_Adder<10>    |   10.593|
A_Adder<0>     |C_Adder<11>    |   10.443|
A_Adder<0>     |C_Adder<12>    |   10.606|
A_Adder<0>     |C_Adder<13>    |   10.747|
A_Adder<0>     |C_Adder<14>    |   10.754|
A_Adder<0>     |C_Adder<15>    |   10.951|
A_Adder<0>     |C_Adder<16>    |   11.132|
A_Adder<0>     |C_Adder<17>    |   11.177|
A_Adder<0>     |C_Adder<18>    |   11.234|
A_Adder<0>     |C_Adder<19>    |   11.054|
A_Adder<0>     |C_Adder<20>    |   11.205|
A_Adder<0>     |C_Adder<21>    |   11.345|
A_Adder<0>     |C_Adder<22>    |   11.431|
A_Adder<0>     |C_Adder<23>    |   11.481|
A_Adder<0>     |C_Adder<24>    |   11.532|
A_Adder<0>     |C_Adder<25>    |   11.590|
A_Adder<0>     |C_Adder<26>    |   11.635|
A_Adder<0>     |C_Adder<27>    |   11.462|
A_Adder<0>     |C_Adder<28>    |   11.826|
A_Adder<0>     |C_Adder<29>    |   11.856|
A_Adder<0>     |C_Adder<30>    |   11.935|
A_Adder<0>     |C_Adder<31>    |   11.761|
A_Adder<1>     |C_Adder<1>     |    9.475|
A_Adder<1>     |C_Adder<2>     |    9.928|
A_Adder<1>     |C_Adder<3>     |    9.951|
A_Adder<1>     |C_Adder<4>     |    9.809|
A_Adder<1>     |C_Adder<5>     |    9.701|
A_Adder<1>     |C_Adder<6>     |   10.334|
A_Adder<1>     |C_Adder<7>     |   10.145|
A_Adder<1>     |C_Adder<8>     |   10.379|
A_Adder<1>     |C_Adder<9>     |   10.432|
A_Adder<1>     |C_Adder<10>    |   10.695|
A_Adder<1>     |C_Adder<11>    |   10.545|
A_Adder<1>     |C_Adder<12>    |   10.708|
A_Adder<1>     |C_Adder<13>    |   10.849|
A_Adder<1>     |C_Adder<14>    |   10.856|
A_Adder<1>     |C_Adder<15>    |   11.053|
A_Adder<1>     |C_Adder<16>    |   11.234|
A_Adder<1>     |C_Adder<17>    |   11.279|
A_Adder<1>     |C_Adder<18>    |   11.336|
A_Adder<1>     |C_Adder<19>    |   11.156|
A_Adder<1>     |C_Adder<20>    |   11.307|
A_Adder<1>     |C_Adder<21>    |   11.447|
A_Adder<1>     |C_Adder<22>    |   11.533|
A_Adder<1>     |C_Adder<23>    |   11.583|
A_Adder<1>     |C_Adder<24>    |   11.634|
A_Adder<1>     |C_Adder<25>    |   11.692|
A_Adder<1>     |C_Adder<26>    |   11.737|
A_Adder<1>     |C_Adder<27>    |   11.564|
A_Adder<1>     |C_Adder<28>    |   11.928|
A_Adder<1>     |C_Adder<29>    |   11.958|
A_Adder<1>     |C_Adder<30>    |   12.037|
A_Adder<1>     |C_Adder<31>    |   11.863|
A_Adder<2>     |C_Adder<2>     |    9.758|
A_Adder<2>     |C_Adder<3>     |    9.888|
A_Adder<2>     |C_Adder<4>     |    9.756|
A_Adder<2>     |C_Adder<5>     |    9.648|
A_Adder<2>     |C_Adder<6>     |   10.281|
A_Adder<2>     |C_Adder<7>     |   10.092|
A_Adder<2>     |C_Adder<8>     |   10.326|
A_Adder<2>     |C_Adder<9>     |   10.379|
A_Adder<2>     |C_Adder<10>    |   10.642|
A_Adder<2>     |C_Adder<11>    |   10.492|
A_Adder<2>     |C_Adder<12>    |   10.655|
A_Adder<2>     |C_Adder<13>    |   10.796|
A_Adder<2>     |C_Adder<14>    |   10.803|
A_Adder<2>     |C_Adder<15>    |   11.000|
A_Adder<2>     |C_Adder<16>    |   11.181|
A_Adder<2>     |C_Adder<17>    |   11.226|
A_Adder<2>     |C_Adder<18>    |   11.283|
A_Adder<2>     |C_Adder<19>    |   11.103|
A_Adder<2>     |C_Adder<20>    |   11.254|
A_Adder<2>     |C_Adder<21>    |   11.394|
A_Adder<2>     |C_Adder<22>    |   11.480|
A_Adder<2>     |C_Adder<23>    |   11.530|
A_Adder<2>     |C_Adder<24>    |   11.581|
A_Adder<2>     |C_Adder<25>    |   11.639|
A_Adder<2>     |C_Adder<26>    |   11.684|
A_Adder<2>     |C_Adder<27>    |   11.511|
A_Adder<2>     |C_Adder<28>    |   11.875|
A_Adder<2>     |C_Adder<29>    |   11.905|
A_Adder<2>     |C_Adder<30>    |   11.984|
A_Adder<2>     |C_Adder<31>    |   11.810|
A_Adder<3>     |C_Adder<3>     |    9.838|
A_Adder<3>     |C_Adder<4>     |    9.836|
A_Adder<3>     |C_Adder<5>     |    9.728|
A_Adder<3>     |C_Adder<6>     |   10.361|
A_Adder<3>     |C_Adder<7>     |   10.172|
A_Adder<3>     |C_Adder<8>     |   10.406|
A_Adder<3>     |C_Adder<9>     |   10.459|
A_Adder<3>     |C_Adder<10>    |   10.722|
A_Adder<3>     |C_Adder<11>    |   10.572|
A_Adder<3>     |C_Adder<12>    |   10.735|
A_Adder<3>     |C_Adder<13>    |   10.876|
A_Adder<3>     |C_Adder<14>    |   10.883|
A_Adder<3>     |C_Adder<15>    |   11.080|
A_Adder<3>     |C_Adder<16>    |   11.261|
A_Adder<3>     |C_Adder<17>    |   11.306|
A_Adder<3>     |C_Adder<18>    |   11.363|
A_Adder<3>     |C_Adder<19>    |   11.183|
A_Adder<3>     |C_Adder<20>    |   11.334|
A_Adder<3>     |C_Adder<21>    |   11.474|
A_Adder<3>     |C_Adder<22>    |   11.560|
A_Adder<3>     |C_Adder<23>    |   11.610|
A_Adder<3>     |C_Adder<24>    |   11.661|
A_Adder<3>     |C_Adder<25>    |   11.719|
A_Adder<3>     |C_Adder<26>    |   11.764|
A_Adder<3>     |C_Adder<27>    |   11.591|
A_Adder<3>     |C_Adder<28>    |   11.955|
A_Adder<3>     |C_Adder<29>    |   11.985|
A_Adder<3>     |C_Adder<30>    |   12.064|
A_Adder<3>     |C_Adder<31>    |   11.890|
A_Adder<4>     |C_Adder<4>     |    9.844|
A_Adder<4>     |C_Adder<5>     |    9.708|
A_Adder<4>     |C_Adder<6>     |   10.430|
A_Adder<4>     |C_Adder<7>     |   10.258|
A_Adder<4>     |C_Adder<8>     |   10.533|
A_Adder<4>     |C_Adder<9>     |   10.586|
A_Adder<4>     |C_Adder<10>    |   10.849|
A_Adder<4>     |C_Adder<11>    |   10.699|
A_Adder<4>     |C_Adder<12>    |   10.862|
A_Adder<4>     |C_Adder<13>    |   11.003|
A_Adder<4>     |C_Adder<14>    |   11.010|
A_Adder<4>     |C_Adder<15>    |   11.207|
A_Adder<4>     |C_Adder<16>    |   11.388|
A_Adder<4>     |C_Adder<17>    |   11.433|
A_Adder<4>     |C_Adder<18>    |   11.490|
A_Adder<4>     |C_Adder<19>    |   11.310|
A_Adder<4>     |C_Adder<20>    |   11.461|
A_Adder<4>     |C_Adder<21>    |   11.601|
A_Adder<4>     |C_Adder<22>    |   11.687|
A_Adder<4>     |C_Adder<23>    |   11.737|
A_Adder<4>     |C_Adder<24>    |   11.788|
A_Adder<4>     |C_Adder<25>    |   11.846|
A_Adder<4>     |C_Adder<26>    |   11.891|
A_Adder<4>     |C_Adder<27>    |   11.718|
A_Adder<4>     |C_Adder<28>    |   12.082|
A_Adder<4>     |C_Adder<29>    |   12.112|
A_Adder<4>     |C_Adder<30>    |   12.191|
A_Adder<4>     |C_Adder<31>    |   12.017|
A_Adder<5>     |C_Adder<5>     |    9.330|
A_Adder<5>     |C_Adder<6>     |   10.097|
A_Adder<5>     |C_Adder<7>     |    9.931|
A_Adder<5>     |C_Adder<8>     |   10.199|
A_Adder<5>     |C_Adder<9>     |   10.252|
A_Adder<5>     |C_Adder<10>    |   10.515|
A_Adder<5>     |C_Adder<11>    |   10.365|
A_Adder<5>     |C_Adder<12>    |   10.528|
A_Adder<5>     |C_Adder<13>    |   10.669|
A_Adder<5>     |C_Adder<14>    |   10.676|
A_Adder<5>     |C_Adder<15>    |   10.873|
A_Adder<5>     |C_Adder<16>    |   11.054|
A_Adder<5>     |C_Adder<17>    |   11.099|
A_Adder<5>     |C_Adder<18>    |   11.156|
A_Adder<5>     |C_Adder<19>    |   10.976|
A_Adder<5>     |C_Adder<20>    |   11.127|
A_Adder<5>     |C_Adder<21>    |   11.267|
A_Adder<5>     |C_Adder<22>    |   11.353|
A_Adder<5>     |C_Adder<23>    |   11.403|
A_Adder<5>     |C_Adder<24>    |   11.454|
A_Adder<5>     |C_Adder<25>    |   11.512|
A_Adder<5>     |C_Adder<26>    |   11.557|
A_Adder<5>     |C_Adder<27>    |   11.384|
A_Adder<5>     |C_Adder<28>    |   11.748|
A_Adder<5>     |C_Adder<29>    |   11.778|
A_Adder<5>     |C_Adder<30>    |   11.857|
A_Adder<5>     |C_Adder<31>    |   11.683|
A_Adder<6>     |C_Adder<6>     |    9.788|
A_Adder<6>     |C_Adder<7>     |    9.618|
A_Adder<6>     |C_Adder<8>     |    9.932|
A_Adder<6>     |C_Adder<9>     |    9.985|
A_Adder<6>     |C_Adder<10>    |   10.248|
A_Adder<6>     |C_Adder<11>    |   10.098|
A_Adder<6>     |C_Adder<12>    |   10.261|
A_Adder<6>     |C_Adder<13>    |   10.402|
A_Adder<6>     |C_Adder<14>    |   10.409|
A_Adder<6>     |C_Adder<15>    |   10.606|
A_Adder<6>     |C_Adder<16>    |   10.787|
A_Adder<6>     |C_Adder<17>    |   10.832|
A_Adder<6>     |C_Adder<18>    |   10.889|
A_Adder<6>     |C_Adder<19>    |   10.709|
A_Adder<6>     |C_Adder<20>    |   10.860|
A_Adder<6>     |C_Adder<21>    |   11.000|
A_Adder<6>     |C_Adder<22>    |   11.086|
A_Adder<6>     |C_Adder<23>    |   11.136|
A_Adder<6>     |C_Adder<24>    |   11.187|
A_Adder<6>     |C_Adder<25>    |   11.245|
A_Adder<6>     |C_Adder<26>    |   11.290|
A_Adder<6>     |C_Adder<27>    |   11.117|
A_Adder<6>     |C_Adder<28>    |   11.481|
A_Adder<6>     |C_Adder<29>    |   11.511|
A_Adder<6>     |C_Adder<30>    |   11.590|
A_Adder<6>     |C_Adder<31>    |   11.416|
A_Adder<7>     |C_Adder<7>     |    9.572|
A_Adder<7>     |C_Adder<8>     |    9.888|
A_Adder<7>     |C_Adder<9>     |    9.941|
A_Adder<7>     |C_Adder<10>    |   10.204|
A_Adder<7>     |C_Adder<11>    |   10.054|
A_Adder<7>     |C_Adder<12>    |   10.217|
A_Adder<7>     |C_Adder<13>    |   10.358|
A_Adder<7>     |C_Adder<14>    |   10.365|
A_Adder<7>     |C_Adder<15>    |   10.562|
A_Adder<7>     |C_Adder<16>    |   10.743|
A_Adder<7>     |C_Adder<17>    |   10.788|
A_Adder<7>     |C_Adder<18>    |   10.845|
A_Adder<7>     |C_Adder<19>    |   10.665|
A_Adder<7>     |C_Adder<20>    |   10.816|
A_Adder<7>     |C_Adder<21>    |   10.956|
A_Adder<7>     |C_Adder<22>    |   11.042|
A_Adder<7>     |C_Adder<23>    |   11.092|
A_Adder<7>     |C_Adder<24>    |   11.143|
A_Adder<7>     |C_Adder<25>    |   11.201|
A_Adder<7>     |C_Adder<26>    |   11.246|
A_Adder<7>     |C_Adder<27>    |   11.073|
A_Adder<7>     |C_Adder<28>    |   11.437|
A_Adder<7>     |C_Adder<29>    |   11.467|
A_Adder<7>     |C_Adder<30>    |   11.546|
A_Adder<7>     |C_Adder<31>    |   11.372|
A_Adder<8>     |C_Adder<8>     |   10.009|
A_Adder<8>     |C_Adder<9>     |   10.034|
A_Adder<8>     |C_Adder<10>    |   10.386|
A_Adder<8>     |C_Adder<11>    |   10.253|
A_Adder<8>     |C_Adder<12>    |   10.457|
A_Adder<8>     |C_Adder<13>    |   10.598|
A_Adder<8>     |C_Adder<14>    |   10.605|
A_Adder<8>     |C_Adder<15>    |   10.802|
A_Adder<8>     |C_Adder<16>    |   10.983|
A_Adder<8>     |C_Adder<17>    |   11.028|
A_Adder<8>     |C_Adder<18>    |   11.085|
A_Adder<8>     |C_Adder<19>    |   10.905|
A_Adder<8>     |C_Adder<20>    |   11.056|
A_Adder<8>     |C_Adder<21>    |   11.196|
A_Adder<8>     |C_Adder<22>    |   11.282|
A_Adder<8>     |C_Adder<23>    |   11.332|
A_Adder<8>     |C_Adder<24>    |   11.383|
A_Adder<8>     |C_Adder<25>    |   11.441|
A_Adder<8>     |C_Adder<26>    |   11.486|
A_Adder<8>     |C_Adder<27>    |   11.313|
A_Adder<8>     |C_Adder<28>    |   11.677|
A_Adder<8>     |C_Adder<29>    |   11.707|
A_Adder<8>     |C_Adder<30>    |   11.786|
A_Adder<8>     |C_Adder<31>    |   11.612|
A_Adder<9>     |C_Adder<9>     |    9.707|
A_Adder<9>     |C_Adder<10>    |   10.104|
A_Adder<9>     |C_Adder<11>    |    9.977|
A_Adder<9>     |C_Adder<12>    |   10.174|
A_Adder<9>     |C_Adder<13>    |   10.315|
A_Adder<9>     |C_Adder<14>    |   10.322|
A_Adder<9>     |C_Adder<15>    |   10.519|
A_Adder<9>     |C_Adder<16>    |   10.700|
A_Adder<9>     |C_Adder<17>    |   10.745|
A_Adder<9>     |C_Adder<18>    |   10.802|
A_Adder<9>     |C_Adder<19>    |   10.622|
A_Adder<9>     |C_Adder<20>    |   10.773|
A_Adder<9>     |C_Adder<21>    |   10.913|
A_Adder<9>     |C_Adder<22>    |   10.999|
A_Adder<9>     |C_Adder<23>    |   11.049|
A_Adder<9>     |C_Adder<24>    |   11.100|
A_Adder<9>     |C_Adder<25>    |   11.158|
A_Adder<9>     |C_Adder<26>    |   11.203|
A_Adder<9>     |C_Adder<27>    |   11.030|
A_Adder<9>     |C_Adder<28>    |   11.394|
A_Adder<9>     |C_Adder<29>    |   11.424|
A_Adder<9>     |C_Adder<30>    |   11.503|
A_Adder<9>     |C_Adder<31>    |   11.329|
A_Adder<10>    |C_Adder<10>    |    9.638|
A_Adder<10>    |C_Adder<11>    |    9.507|
A_Adder<10>    |C_Adder<12>    |    9.750|
A_Adder<10>    |C_Adder<13>    |    9.891|
A_Adder<10>    |C_Adder<14>    |    9.898|
A_Adder<10>    |C_Adder<15>    |   10.095|
A_Adder<10>    |C_Adder<16>    |   10.276|
A_Adder<10>    |C_Adder<17>    |   10.321|
A_Adder<10>    |C_Adder<18>    |   10.378|
A_Adder<10>    |C_Adder<19>    |   10.198|
A_Adder<10>    |C_Adder<20>    |   10.349|
A_Adder<10>    |C_Adder<21>    |   10.489|
A_Adder<10>    |C_Adder<22>    |   10.575|
A_Adder<10>    |C_Adder<23>    |   10.625|
A_Adder<10>    |C_Adder<24>    |   10.676|
A_Adder<10>    |C_Adder<25>    |   10.734|
A_Adder<10>    |C_Adder<26>    |   10.779|
A_Adder<10>    |C_Adder<27>    |   10.606|
A_Adder<10>    |C_Adder<28>    |   10.970|
A_Adder<10>    |C_Adder<29>    |   11.000|
A_Adder<10>    |C_Adder<30>    |   11.079|
A_Adder<10>    |C_Adder<31>    |   10.905|
A_Adder<11>    |C_Adder<11>    |    9.723|
A_Adder<11>    |C_Adder<12>    |    9.968|
A_Adder<11>    |C_Adder<13>    |   10.109|
A_Adder<11>    |C_Adder<14>    |   10.116|
A_Adder<11>    |C_Adder<15>    |   10.313|
A_Adder<11>    |C_Adder<16>    |   10.494|
A_Adder<11>    |C_Adder<17>    |   10.539|
A_Adder<11>    |C_Adder<18>    |   10.596|
A_Adder<11>    |C_Adder<19>    |   10.416|
A_Adder<11>    |C_Adder<20>    |   10.567|
A_Adder<11>    |C_Adder<21>    |   10.707|
A_Adder<11>    |C_Adder<22>    |   10.793|
A_Adder<11>    |C_Adder<23>    |   10.843|
A_Adder<11>    |C_Adder<24>    |   10.894|
A_Adder<11>    |C_Adder<25>    |   10.952|
A_Adder<11>    |C_Adder<26>    |   10.997|
A_Adder<11>    |C_Adder<27>    |   10.824|
A_Adder<11>    |C_Adder<28>    |   11.188|
A_Adder<11>    |C_Adder<29>    |   11.218|
A_Adder<11>    |C_Adder<30>    |   11.297|
A_Adder<11>    |C_Adder<31>    |   11.123|
A_Adder<12>    |C_Adder<12>    |   10.003|
A_Adder<12>    |C_Adder<13>    |   10.116|
A_Adder<12>    |C_Adder<14>    |   10.212|
A_Adder<12>    |C_Adder<15>    |   10.426|
A_Adder<12>    |C_Adder<16>    |   10.648|
A_Adder<12>    |C_Adder<17>    |   10.693|
A_Adder<12>    |C_Adder<18>    |   10.750|
A_Adder<12>    |C_Adder<19>    |   10.570|
A_Adder<12>    |C_Adder<20>    |   10.721|
A_Adder<12>    |C_Adder<21>    |   10.861|
A_Adder<12>    |C_Adder<22>    |   10.947|
A_Adder<12>    |C_Adder<23>    |   10.997|
A_Adder<12>    |C_Adder<24>    |   11.048|
A_Adder<12>    |C_Adder<25>    |   11.106|
A_Adder<12>    |C_Adder<26>    |   11.151|
A_Adder<12>    |C_Adder<27>    |   10.978|
A_Adder<12>    |C_Adder<28>    |   11.342|
A_Adder<12>    |C_Adder<29>    |   11.372|
A_Adder<12>    |C_Adder<30>    |   11.451|
A_Adder<12>    |C_Adder<31>    |   11.277|
A_Adder<13>    |C_Adder<13>    |    9.759|
A_Adder<13>    |C_Adder<14>    |    9.900|
A_Adder<13>    |C_Adder<15>    |   10.120|
A_Adder<13>    |C_Adder<16>    |   10.335|
A_Adder<13>    |C_Adder<17>    |   10.380|
A_Adder<13>    |C_Adder<18>    |   10.437|
A_Adder<13>    |C_Adder<19>    |   10.257|
A_Adder<13>    |C_Adder<20>    |   10.408|
A_Adder<13>    |C_Adder<21>    |   10.548|
A_Adder<13>    |C_Adder<22>    |   10.634|
A_Adder<13>    |C_Adder<23>    |   10.684|
A_Adder<13>    |C_Adder<24>    |   10.735|
A_Adder<13>    |C_Adder<25>    |   10.793|
A_Adder<13>    |C_Adder<26>    |   10.838|
A_Adder<13>    |C_Adder<27>    |   10.665|
A_Adder<13>    |C_Adder<28>    |   11.029|
A_Adder<13>    |C_Adder<29>    |   11.059|
A_Adder<13>    |C_Adder<30>    |   11.138|
A_Adder<13>    |C_Adder<31>    |   10.964|
A_Adder<14>    |C_Adder<14>    |    9.650|
A_Adder<14>    |C_Adder<15>    |    9.866|
A_Adder<14>    |C_Adder<16>    |   10.127|
A_Adder<14>    |C_Adder<17>    |   10.172|
A_Adder<14>    |C_Adder<18>    |   10.229|
A_Adder<14>    |C_Adder<19>    |   10.049|
A_Adder<14>    |C_Adder<20>    |   10.200|
A_Adder<14>    |C_Adder<21>    |   10.340|
A_Adder<14>    |C_Adder<22>    |   10.426|
A_Adder<14>    |C_Adder<23>    |   10.476|
A_Adder<14>    |C_Adder<24>    |   10.527|
A_Adder<14>    |C_Adder<25>    |   10.585|
A_Adder<14>    |C_Adder<26>    |   10.630|
A_Adder<14>    |C_Adder<27>    |   10.457|
A_Adder<14>    |C_Adder<28>    |   10.821|
A_Adder<14>    |C_Adder<29>    |   10.851|
A_Adder<14>    |C_Adder<30>    |   10.930|
A_Adder<14>    |C_Adder<31>    |   10.756|
A_Adder<15>    |C_Adder<15>    |    9.737|
A_Adder<15>    |C_Adder<16>    |   10.000|
A_Adder<15>    |C_Adder<17>    |   10.045|
A_Adder<15>    |C_Adder<18>    |   10.102|
A_Adder<15>    |C_Adder<19>    |    9.922|
A_Adder<15>    |C_Adder<20>    |   10.073|
A_Adder<15>    |C_Adder<21>    |   10.213|
A_Adder<15>    |C_Adder<22>    |   10.299|
A_Adder<15>    |C_Adder<23>    |   10.349|
A_Adder<15>    |C_Adder<24>    |   10.400|
A_Adder<15>    |C_Adder<25>    |   10.458|
A_Adder<15>    |C_Adder<26>    |   10.503|
A_Adder<15>    |C_Adder<27>    |   10.330|
A_Adder<15>    |C_Adder<28>    |   10.694|
A_Adder<15>    |C_Adder<29>    |   10.724|
A_Adder<15>    |C_Adder<30>    |   10.803|
A_Adder<15>    |C_Adder<31>    |   10.629|
A_Adder<16>    |C_Adder<16>    |   10.409|
A_Adder<16>    |C_Adder<17>    |   10.426|
A_Adder<16>    |C_Adder<18>    |   10.572|
A_Adder<16>    |C_Adder<19>    |   10.409|
A_Adder<16>    |C_Adder<20>    |   10.601|
A_Adder<16>    |C_Adder<21>    |   10.741|
A_Adder<16>    |C_Adder<22>    |   10.827|
A_Adder<16>    |C_Adder<23>    |   10.877|
A_Adder<16>    |C_Adder<24>    |   10.928|
A_Adder<16>    |C_Adder<25>    |   10.986|
A_Adder<16>    |C_Adder<26>    |   11.031|
A_Adder<16>    |C_Adder<27>    |   10.858|
A_Adder<16>    |C_Adder<28>    |   11.222|
A_Adder<16>    |C_Adder<29>    |   11.252|
A_Adder<16>    |C_Adder<30>    |   11.331|
A_Adder<16>    |C_Adder<31>    |   11.157|
A_Adder<17>    |C_Adder<17>    |   10.065|
A_Adder<17>    |C_Adder<18>    |   10.256|
A_Adder<17>    |C_Adder<19>    |   10.099|
A_Adder<17>    |C_Adder<20>    |   10.284|
A_Adder<17>    |C_Adder<21>    |   10.424|
A_Adder<17>    |C_Adder<22>    |   10.510|
A_Adder<17>    |C_Adder<23>    |   10.560|
A_Adder<17>    |C_Adder<24>    |   10.611|
A_Adder<17>    |C_Adder<25>    |   10.669|
A_Adder<17>    |C_Adder<26>    |   10.714|
A_Adder<17>    |C_Adder<27>    |   10.541|
A_Adder<17>    |C_Adder<28>    |   10.905|
A_Adder<17>    |C_Adder<29>    |   10.935|
A_Adder<17>    |C_Adder<30>    |   11.014|
A_Adder<17>    |C_Adder<31>    |   10.840|
A_Adder<18>    |C_Adder<18>    |   10.031|
A_Adder<18>    |C_Adder<19>    |    9.870|
A_Adder<18>    |C_Adder<20>    |   10.101|
A_Adder<18>    |C_Adder<21>    |   10.241|
A_Adder<18>    |C_Adder<22>    |   10.327|
A_Adder<18>    |C_Adder<23>    |   10.377|
A_Adder<18>    |C_Adder<24>    |   10.428|
A_Adder<18>    |C_Adder<25>    |   10.486|
A_Adder<18>    |C_Adder<26>    |   10.531|
A_Adder<18>    |C_Adder<27>    |   10.358|
A_Adder<18>    |C_Adder<28>    |   10.722|
A_Adder<18>    |C_Adder<29>    |   10.752|
A_Adder<18>    |C_Adder<30>    |   10.831|
A_Adder<18>    |C_Adder<31>    |   10.657|
A_Adder<19>    |C_Adder<19>    |    9.955|
A_Adder<19>    |C_Adder<20>    |   10.188|
A_Adder<19>    |C_Adder<21>    |   10.328|
A_Adder<19>    |C_Adder<22>    |   10.414|
A_Adder<19>    |C_Adder<23>    |   10.464|
A_Adder<19>    |C_Adder<24>    |   10.515|
A_Adder<19>    |C_Adder<25>    |   10.573|
A_Adder<19>    |C_Adder<26>    |   10.618|
A_Adder<19>    |C_Adder<27>    |   10.445|
A_Adder<19>    |C_Adder<28>    |   10.809|
A_Adder<19>    |C_Adder<29>    |   10.839|
A_Adder<19>    |C_Adder<30>    |   10.918|
A_Adder<19>    |C_Adder<31>    |   10.744|
A_Adder<20>    |C_Adder<20>    |   10.124|
A_Adder<20>    |C_Adder<21>    |   10.236|
A_Adder<20>    |C_Adder<22>    |   10.411|
A_Adder<20>    |C_Adder<23>    |   10.478|
A_Adder<20>    |C_Adder<24>    |   10.570|
A_Adder<20>    |C_Adder<25>    |   10.628|
A_Adder<20>    |C_Adder<26>    |   10.673|
A_Adder<20>    |C_Adder<27>    |   10.500|
A_Adder<20>    |C_Adder<28>    |   10.864|
A_Adder<20>    |C_Adder<29>    |   10.894|
A_Adder<20>    |C_Adder<30>    |   10.973|
A_Adder<20>    |C_Adder<31>    |   10.799|
A_Adder<21>    |C_Adder<21>    |   10.034|
A_Adder<21>    |C_Adder<22>    |   10.254|
A_Adder<21>    |C_Adder<23>    |   10.327|
A_Adder<21>    |C_Adder<24>    |   10.412|
A_Adder<21>    |C_Adder<25>    |   10.470|
A_Adder<21>    |C_Adder<26>    |   10.515|
A_Adder<21>    |C_Adder<27>    |   10.342|
A_Adder<21>    |C_Adder<28>    |   10.706|
A_Adder<21>    |C_Adder<29>    |   10.736|
A_Adder<21>    |C_Adder<30>    |   10.815|
A_Adder<21>    |C_Adder<31>    |   10.641|
A_Adder<22>    |C_Adder<22>    |    9.992|
A_Adder<22>    |C_Adder<23>    |   10.061|
A_Adder<22>    |C_Adder<24>    |   10.192|
A_Adder<22>    |C_Adder<25>    |   10.250|
A_Adder<22>    |C_Adder<26>    |   10.295|
A_Adder<22>    |C_Adder<27>    |   10.122|
A_Adder<22>    |C_Adder<28>    |   10.486|
A_Adder<22>    |C_Adder<29>    |   10.516|
A_Adder<22>    |C_Adder<30>    |   10.595|
A_Adder<22>    |C_Adder<31>    |   10.421|
A_Adder<23>    |C_Adder<23>    |   10.206|
A_Adder<23>    |C_Adder<24>    |   10.339|
A_Adder<23>    |C_Adder<25>    |   10.397|
A_Adder<23>    |C_Adder<26>    |   10.442|
A_Adder<23>    |C_Adder<27>    |   10.269|
A_Adder<23>    |C_Adder<28>    |   10.633|
A_Adder<23>    |C_Adder<29>    |   10.663|
A_Adder<23>    |C_Adder<30>    |   10.742|
A_Adder<23>    |C_Adder<31>    |   10.568|
A_Adder<24>    |C_Adder<24>    |   10.420|
A_Adder<24>    |C_Adder<25>    |   10.450|
A_Adder<24>    |C_Adder<26>    |   10.584|
A_Adder<24>    |C_Adder<27>    |   10.428|
A_Adder<24>    |C_Adder<28>    |   10.833|
A_Adder<24>    |C_Adder<29>    |   10.863|
A_Adder<24>    |C_Adder<30>    |   10.942|
A_Adder<24>    |C_Adder<31>    |   10.768|
A_Adder<25>    |C_Adder<25>    |   10.080|
A_Adder<25>    |C_Adder<26>    |   10.259|
A_Adder<25>    |C_Adder<27>    |   10.109|
A_Adder<25>    |C_Adder<28>    |   10.507|
A_Adder<25>    |C_Adder<29>    |   10.537|
A_Adder<25>    |C_Adder<30>    |   10.616|
A_Adder<25>    |C_Adder<31>    |   10.442|
A_Adder<26>    |C_Adder<26>    |   10.161|
A_Adder<26>    |C_Adder<27>    |   10.007|
A_Adder<26>    |C_Adder<28>    |   10.451|
A_Adder<26>    |C_Adder<29>    |   10.481|
A_Adder<26>    |C_Adder<30>    |   10.560|
A_Adder<26>    |C_Adder<31>    |   10.386|
A_Adder<27>    |C_Adder<27>    |   10.136|
A_Adder<27>    |C_Adder<28>    |   10.582|
A_Adder<27>    |C_Adder<29>    |   10.612|
A_Adder<27>    |C_Adder<30>    |   10.691|
A_Adder<27>    |C_Adder<31>    |   10.517|
A_Adder<28>    |C_Adder<28>    |   10.414|
A_Adder<28>    |C_Adder<29>    |   10.416|
A_Adder<28>    |C_Adder<30>    |   10.584|
A_Adder<28>    |C_Adder<31>    |   10.427|
A_Adder<29>    |C_Adder<29>    |   10.342|
A_Adder<29>    |C_Adder<30>    |   10.555|
A_Adder<29>    |C_Adder<31>    |   10.404|
A_Adder<30>    |C_Adder<30>    |   10.198|
A_Adder<30>    |C_Adder<31>    |   10.043|
A_Adder<31>    |C_Adder<31>    |   10.036|
B_Adder<0>     |C_Adder<0>     |    8.216|
B_Adder<0>     |C_Adder<1>     |    8.498|
B_Adder<0>     |C_Adder<2>     |    8.906|
B_Adder<0>     |C_Adder<3>     |    8.923|
B_Adder<0>     |C_Adder<4>     |    8.788|
B_Adder<0>     |C_Adder<5>     |    8.680|
B_Adder<0>     |C_Adder<6>     |    9.313|
B_Adder<0>     |C_Adder<7>     |    9.124|
B_Adder<0>     |C_Adder<8>     |    9.358|
B_Adder<0>     |C_Adder<9>     |    9.411|
B_Adder<0>     |C_Adder<10>    |    9.674|
B_Adder<0>     |C_Adder<11>    |    9.524|
B_Adder<0>     |C_Adder<12>    |    9.687|
B_Adder<0>     |C_Adder<13>    |    9.828|
B_Adder<0>     |C_Adder<14>    |    9.835|
B_Adder<0>     |C_Adder<15>    |   10.032|
B_Adder<0>     |C_Adder<16>    |   10.213|
B_Adder<0>     |C_Adder<17>    |   10.258|
B_Adder<0>     |C_Adder<18>    |   10.315|
B_Adder<0>     |C_Adder<19>    |   10.135|
B_Adder<0>     |C_Adder<20>    |   10.286|
B_Adder<0>     |C_Adder<21>    |   10.426|
B_Adder<0>     |C_Adder<22>    |   10.512|
B_Adder<0>     |C_Adder<23>    |   10.562|
B_Adder<0>     |C_Adder<24>    |   10.613|
B_Adder<0>     |C_Adder<25>    |   10.671|
B_Adder<0>     |C_Adder<26>    |   10.716|
B_Adder<0>     |C_Adder<27>    |   10.543|
B_Adder<0>     |C_Adder<28>    |   10.907|
B_Adder<0>     |C_Adder<29>    |   10.937|
B_Adder<0>     |C_Adder<30>    |   11.016|
B_Adder<0>     |C_Adder<31>    |   10.842|
B_Adder<1>     |C_Adder<1>     |    7.943|
B_Adder<1>     |C_Adder<2>     |    8.396|
B_Adder<1>     |C_Adder<3>     |    8.419|
B_Adder<1>     |C_Adder<4>     |    8.277|
B_Adder<1>     |C_Adder<5>     |    8.169|
B_Adder<1>     |C_Adder<6>     |    8.802|
B_Adder<1>     |C_Adder<7>     |    8.613|
B_Adder<1>     |C_Adder<8>     |    8.847|
B_Adder<1>     |C_Adder<9>     |    8.900|
B_Adder<1>     |C_Adder<10>    |    9.163|
B_Adder<1>     |C_Adder<11>    |    9.013|
B_Adder<1>     |C_Adder<12>    |    9.176|
B_Adder<1>     |C_Adder<13>    |    9.317|
B_Adder<1>     |C_Adder<14>    |    9.324|
B_Adder<1>     |C_Adder<15>    |    9.521|
B_Adder<1>     |C_Adder<16>    |    9.702|
B_Adder<1>     |C_Adder<17>    |    9.747|
B_Adder<1>     |C_Adder<18>    |    9.804|
B_Adder<1>     |C_Adder<19>    |    9.624|
B_Adder<1>     |C_Adder<20>    |    9.775|
B_Adder<1>     |C_Adder<21>    |    9.915|
B_Adder<1>     |C_Adder<22>    |   10.001|
B_Adder<1>     |C_Adder<23>    |   10.051|
B_Adder<1>     |C_Adder<24>    |   10.102|
B_Adder<1>     |C_Adder<25>    |   10.160|
B_Adder<1>     |C_Adder<26>    |   10.205|
B_Adder<1>     |C_Adder<27>    |   10.032|
B_Adder<1>     |C_Adder<28>    |   10.396|
B_Adder<1>     |C_Adder<29>    |   10.426|
B_Adder<1>     |C_Adder<30>    |   10.505|
B_Adder<1>     |C_Adder<31>    |   10.331|
B_Adder<2>     |C_Adder<2>     |    8.323|
B_Adder<2>     |C_Adder<3>     |    8.342|
B_Adder<2>     |C_Adder<4>     |    8.246|
B_Adder<2>     |C_Adder<5>     |    8.138|
B_Adder<2>     |C_Adder<6>     |    8.771|
B_Adder<2>     |C_Adder<7>     |    8.582|
B_Adder<2>     |C_Adder<8>     |    8.816|
B_Adder<2>     |C_Adder<9>     |    8.869|
B_Adder<2>     |C_Adder<10>    |    9.132|
B_Adder<2>     |C_Adder<11>    |    8.982|
B_Adder<2>     |C_Adder<12>    |    9.145|
B_Adder<2>     |C_Adder<13>    |    9.286|
B_Adder<2>     |C_Adder<14>    |    9.293|
B_Adder<2>     |C_Adder<15>    |    9.490|
B_Adder<2>     |C_Adder<16>    |    9.671|
B_Adder<2>     |C_Adder<17>    |    9.716|
B_Adder<2>     |C_Adder<18>    |    9.773|
B_Adder<2>     |C_Adder<19>    |    9.593|
B_Adder<2>     |C_Adder<20>    |    9.744|
B_Adder<2>     |C_Adder<21>    |    9.884|
B_Adder<2>     |C_Adder<22>    |    9.970|
B_Adder<2>     |C_Adder<23>    |   10.020|
B_Adder<2>     |C_Adder<24>    |   10.071|
B_Adder<2>     |C_Adder<25>    |   10.129|
B_Adder<2>     |C_Adder<26>    |   10.174|
B_Adder<2>     |C_Adder<27>    |   10.001|
B_Adder<2>     |C_Adder<28>    |   10.365|
B_Adder<2>     |C_Adder<29>    |   10.395|
B_Adder<2>     |C_Adder<30>    |   10.474|
B_Adder<2>     |C_Adder<31>    |   10.300|
B_Adder<3>     |C_Adder<3>     |    8.160|
B_Adder<3>     |C_Adder<4>     |    8.066|
B_Adder<3>     |C_Adder<5>     |    7.958|
B_Adder<3>     |C_Adder<6>     |    8.591|
B_Adder<3>     |C_Adder<7>     |    8.402|
B_Adder<3>     |C_Adder<8>     |    8.636|
B_Adder<3>     |C_Adder<9>     |    8.689|
B_Adder<3>     |C_Adder<10>    |    8.952|
B_Adder<3>     |C_Adder<11>    |    8.802|
B_Adder<3>     |C_Adder<12>    |    8.965|
B_Adder<3>     |C_Adder<13>    |    9.106|
B_Adder<3>     |C_Adder<14>    |    9.113|
B_Adder<3>     |C_Adder<15>    |    9.310|
B_Adder<3>     |C_Adder<16>    |    9.491|
B_Adder<3>     |C_Adder<17>    |    9.536|
B_Adder<3>     |C_Adder<18>    |    9.593|
B_Adder<3>     |C_Adder<19>    |    9.413|
B_Adder<3>     |C_Adder<20>    |    9.564|
B_Adder<3>     |C_Adder<21>    |    9.704|
B_Adder<3>     |C_Adder<22>    |    9.790|
B_Adder<3>     |C_Adder<23>    |    9.840|
B_Adder<3>     |C_Adder<24>    |    9.891|
B_Adder<3>     |C_Adder<25>    |    9.949|
B_Adder<3>     |C_Adder<26>    |    9.994|
B_Adder<3>     |C_Adder<27>    |    9.821|
B_Adder<3>     |C_Adder<28>    |   10.185|
B_Adder<3>     |C_Adder<29>    |   10.215|
B_Adder<3>     |C_Adder<30>    |   10.294|
B_Adder<3>     |C_Adder<31>    |   10.120|
B_Adder<4>     |C_Adder<4>     |    8.167|
B_Adder<4>     |C_Adder<5>     |    8.031|
B_Adder<4>     |C_Adder<6>     |    8.753|
B_Adder<4>     |C_Adder<7>     |    8.581|
B_Adder<4>     |C_Adder<8>     |    8.856|
B_Adder<4>     |C_Adder<9>     |    8.909|
B_Adder<4>     |C_Adder<10>    |    9.172|
B_Adder<4>     |C_Adder<11>    |    9.022|
B_Adder<4>     |C_Adder<12>    |    9.185|
B_Adder<4>     |C_Adder<13>    |    9.326|
B_Adder<4>     |C_Adder<14>    |    9.333|
B_Adder<4>     |C_Adder<15>    |    9.530|
B_Adder<4>     |C_Adder<16>    |    9.711|
B_Adder<4>     |C_Adder<17>    |    9.756|
B_Adder<4>     |C_Adder<18>    |    9.813|
B_Adder<4>     |C_Adder<19>    |    9.633|
B_Adder<4>     |C_Adder<20>    |    9.784|
B_Adder<4>     |C_Adder<21>    |    9.924|
B_Adder<4>     |C_Adder<22>    |   10.010|
B_Adder<4>     |C_Adder<23>    |   10.060|
B_Adder<4>     |C_Adder<24>    |   10.111|
B_Adder<4>     |C_Adder<25>    |   10.169|
B_Adder<4>     |C_Adder<26>    |   10.214|
B_Adder<4>     |C_Adder<27>    |   10.041|
B_Adder<4>     |C_Adder<28>    |   10.405|
B_Adder<4>     |C_Adder<29>    |   10.435|
B_Adder<4>     |C_Adder<30>    |   10.514|
B_Adder<4>     |C_Adder<31>    |   10.340|
B_Adder<5>     |C_Adder<5>     |    7.946|
B_Adder<5>     |C_Adder<6>     |    8.713|
B_Adder<5>     |C_Adder<7>     |    8.547|
B_Adder<5>     |C_Adder<8>     |    8.815|
B_Adder<5>     |C_Adder<9>     |    8.868|
B_Adder<5>     |C_Adder<10>    |    9.131|
B_Adder<5>     |C_Adder<11>    |    8.981|
B_Adder<5>     |C_Adder<12>    |    9.144|
B_Adder<5>     |C_Adder<13>    |    9.285|
B_Adder<5>     |C_Adder<14>    |    9.292|
B_Adder<5>     |C_Adder<15>    |    9.489|
B_Adder<5>     |C_Adder<16>    |    9.670|
B_Adder<5>     |C_Adder<17>    |    9.715|
B_Adder<5>     |C_Adder<18>    |    9.772|
B_Adder<5>     |C_Adder<19>    |    9.592|
B_Adder<5>     |C_Adder<20>    |    9.743|
B_Adder<5>     |C_Adder<21>    |    9.883|
B_Adder<5>     |C_Adder<22>    |    9.969|
B_Adder<5>     |C_Adder<23>    |   10.019|
B_Adder<5>     |C_Adder<24>    |   10.070|
B_Adder<5>     |C_Adder<25>    |   10.128|
B_Adder<5>     |C_Adder<26>    |   10.173|
B_Adder<5>     |C_Adder<27>    |   10.000|
B_Adder<5>     |C_Adder<28>    |   10.364|
B_Adder<5>     |C_Adder<29>    |   10.394|
B_Adder<5>     |C_Adder<30>    |   10.473|
B_Adder<5>     |C_Adder<31>    |   10.299|
B_Adder<6>     |C_Adder<6>     |    8.661|
B_Adder<6>     |C_Adder<7>     |    8.491|
B_Adder<6>     |C_Adder<8>     |    8.805|
B_Adder<6>     |C_Adder<9>     |    8.858|
B_Adder<6>     |C_Adder<10>    |    9.121|
B_Adder<6>     |C_Adder<11>    |    8.971|
B_Adder<6>     |C_Adder<12>    |    9.134|
B_Adder<6>     |C_Adder<13>    |    9.275|
B_Adder<6>     |C_Adder<14>    |    9.282|
B_Adder<6>     |C_Adder<15>    |    9.479|
B_Adder<6>     |C_Adder<16>    |    9.660|
B_Adder<6>     |C_Adder<17>    |    9.705|
B_Adder<6>     |C_Adder<18>    |    9.762|
B_Adder<6>     |C_Adder<19>    |    9.582|
B_Adder<6>     |C_Adder<20>    |    9.733|
B_Adder<6>     |C_Adder<21>    |    9.873|
B_Adder<6>     |C_Adder<22>    |    9.959|
B_Adder<6>     |C_Adder<23>    |   10.009|
B_Adder<6>     |C_Adder<24>    |   10.060|
B_Adder<6>     |C_Adder<25>    |   10.118|
B_Adder<6>     |C_Adder<26>    |   10.163|
B_Adder<6>     |C_Adder<27>    |    9.990|
B_Adder<6>     |C_Adder<28>    |   10.354|
B_Adder<6>     |C_Adder<29>    |   10.384|
B_Adder<6>     |C_Adder<30>    |   10.463|
B_Adder<6>     |C_Adder<31>    |   10.289|
B_Adder<7>     |C_Adder<7>     |    8.078|
B_Adder<7>     |C_Adder<8>     |    8.394|
B_Adder<7>     |C_Adder<9>     |    8.447|
B_Adder<7>     |C_Adder<10>    |    8.710|
B_Adder<7>     |C_Adder<11>    |    8.560|
B_Adder<7>     |C_Adder<12>    |    8.723|
B_Adder<7>     |C_Adder<13>    |    8.864|
B_Adder<7>     |C_Adder<14>    |    8.871|
B_Adder<7>     |C_Adder<15>    |    9.068|
B_Adder<7>     |C_Adder<16>    |    9.249|
B_Adder<7>     |C_Adder<17>    |    9.294|
B_Adder<7>     |C_Adder<18>    |    9.351|
B_Adder<7>     |C_Adder<19>    |    9.171|
B_Adder<7>     |C_Adder<20>    |    9.322|
B_Adder<7>     |C_Adder<21>    |    9.462|
B_Adder<7>     |C_Adder<22>    |    9.548|
B_Adder<7>     |C_Adder<23>    |    9.598|
B_Adder<7>     |C_Adder<24>    |    9.649|
B_Adder<7>     |C_Adder<25>    |    9.707|
B_Adder<7>     |C_Adder<26>    |    9.752|
B_Adder<7>     |C_Adder<27>    |    9.579|
B_Adder<7>     |C_Adder<28>    |    9.943|
B_Adder<7>     |C_Adder<29>    |    9.973|
B_Adder<7>     |C_Adder<30>    |   10.052|
B_Adder<7>     |C_Adder<31>    |    9.878|
B_Adder<8>     |C_Adder<8>     |    8.737|
B_Adder<8>     |C_Adder<9>     |    8.762|
B_Adder<8>     |C_Adder<10>    |    9.114|
B_Adder<8>     |C_Adder<11>    |    8.981|
B_Adder<8>     |C_Adder<12>    |    9.185|
B_Adder<8>     |C_Adder<13>    |    9.326|
B_Adder<8>     |C_Adder<14>    |    9.333|
B_Adder<8>     |C_Adder<15>    |    9.530|
B_Adder<8>     |C_Adder<16>    |    9.711|
B_Adder<8>     |C_Adder<17>    |    9.756|
B_Adder<8>     |C_Adder<18>    |    9.813|
B_Adder<8>     |C_Adder<19>    |    9.633|
B_Adder<8>     |C_Adder<20>    |    9.784|
B_Adder<8>     |C_Adder<21>    |    9.924|
B_Adder<8>     |C_Adder<22>    |   10.010|
B_Adder<8>     |C_Adder<23>    |   10.060|
B_Adder<8>     |C_Adder<24>    |   10.111|
B_Adder<8>     |C_Adder<25>    |   10.169|
B_Adder<8>     |C_Adder<26>    |   10.214|
B_Adder<8>     |C_Adder<27>    |   10.041|
B_Adder<8>     |C_Adder<28>    |   10.405|
B_Adder<8>     |C_Adder<29>    |   10.435|
B_Adder<8>     |C_Adder<30>    |   10.514|
B_Adder<8>     |C_Adder<31>    |   10.340|
B_Adder<9>     |C_Adder<9>     |    8.605|
B_Adder<9>     |C_Adder<10>    |    9.002|
B_Adder<9>     |C_Adder<11>    |    8.875|
B_Adder<9>     |C_Adder<12>    |    9.072|
B_Adder<9>     |C_Adder<13>    |    9.213|
B_Adder<9>     |C_Adder<14>    |    9.220|
B_Adder<9>     |C_Adder<15>    |    9.417|
B_Adder<9>     |C_Adder<16>    |    9.598|
B_Adder<9>     |C_Adder<17>    |    9.643|
B_Adder<9>     |C_Adder<18>    |    9.700|
B_Adder<9>     |C_Adder<19>    |    9.520|
B_Adder<9>     |C_Adder<20>    |    9.671|
B_Adder<9>     |C_Adder<21>    |    9.811|
B_Adder<9>     |C_Adder<22>    |    9.897|
B_Adder<9>     |C_Adder<23>    |    9.947|
B_Adder<9>     |C_Adder<24>    |    9.998|
B_Adder<9>     |C_Adder<25>    |   10.056|
B_Adder<9>     |C_Adder<26>    |   10.101|
B_Adder<9>     |C_Adder<27>    |    9.928|
B_Adder<9>     |C_Adder<28>    |   10.292|
B_Adder<9>     |C_Adder<29>    |   10.322|
B_Adder<9>     |C_Adder<30>    |   10.401|
B_Adder<9>     |C_Adder<31>    |   10.227|
B_Adder<10>    |C_Adder<10>    |    8.727|
B_Adder<10>    |C_Adder<11>    |    8.596|
B_Adder<10>    |C_Adder<12>    |    8.839|
B_Adder<10>    |C_Adder<13>    |    8.980|
B_Adder<10>    |C_Adder<14>    |    8.987|
B_Adder<10>    |C_Adder<15>    |    9.184|
B_Adder<10>    |C_Adder<16>    |    9.365|
B_Adder<10>    |C_Adder<17>    |    9.410|
B_Adder<10>    |C_Adder<18>    |    9.467|
B_Adder<10>    |C_Adder<19>    |    9.287|
B_Adder<10>    |C_Adder<20>    |    9.438|
B_Adder<10>    |C_Adder<21>    |    9.578|
B_Adder<10>    |C_Adder<22>    |    9.664|
B_Adder<10>    |C_Adder<23>    |    9.714|
B_Adder<10>    |C_Adder<24>    |    9.765|
B_Adder<10>    |C_Adder<25>    |    9.823|
B_Adder<10>    |C_Adder<26>    |    9.868|
B_Adder<10>    |C_Adder<27>    |    9.695|
B_Adder<10>    |C_Adder<28>    |   10.059|
B_Adder<10>    |C_Adder<29>    |   10.089|
B_Adder<10>    |C_Adder<30>    |   10.168|
B_Adder<10>    |C_Adder<31>    |    9.994|
B_Adder<11>    |C_Adder<11>    |    8.465|
B_Adder<11>    |C_Adder<12>    |    8.710|
B_Adder<11>    |C_Adder<13>    |    8.851|
B_Adder<11>    |C_Adder<14>    |    8.858|
B_Adder<11>    |C_Adder<15>    |    9.055|
B_Adder<11>    |C_Adder<16>    |    9.236|
B_Adder<11>    |C_Adder<17>    |    9.281|
B_Adder<11>    |C_Adder<18>    |    9.338|
B_Adder<11>    |C_Adder<19>    |    9.158|
B_Adder<11>    |C_Adder<20>    |    9.309|
B_Adder<11>    |C_Adder<21>    |    9.449|
B_Adder<11>    |C_Adder<22>    |    9.535|
B_Adder<11>    |C_Adder<23>    |    9.585|
B_Adder<11>    |C_Adder<24>    |    9.636|
B_Adder<11>    |C_Adder<25>    |    9.694|
B_Adder<11>    |C_Adder<26>    |    9.739|
B_Adder<11>    |C_Adder<27>    |    9.566|
B_Adder<11>    |C_Adder<28>    |    9.930|
B_Adder<11>    |C_Adder<29>    |    9.960|
B_Adder<11>    |C_Adder<30>    |   10.039|
B_Adder<11>    |C_Adder<31>    |    9.865|
B_Adder<12>    |C_Adder<12>    |    8.695|
B_Adder<12>    |C_Adder<13>    |    8.808|
B_Adder<12>    |C_Adder<14>    |    8.904|
B_Adder<12>    |C_Adder<15>    |    9.118|
B_Adder<12>    |C_Adder<16>    |    9.340|
B_Adder<12>    |C_Adder<17>    |    9.385|
B_Adder<12>    |C_Adder<18>    |    9.442|
B_Adder<12>    |C_Adder<19>    |    9.262|
B_Adder<12>    |C_Adder<20>    |    9.413|
B_Adder<12>    |C_Adder<21>    |    9.553|
B_Adder<12>    |C_Adder<22>    |    9.639|
B_Adder<12>    |C_Adder<23>    |    9.689|
B_Adder<12>    |C_Adder<24>    |    9.740|
B_Adder<12>    |C_Adder<25>    |    9.798|
B_Adder<12>    |C_Adder<26>    |    9.843|
B_Adder<12>    |C_Adder<27>    |    9.670|
B_Adder<12>    |C_Adder<28>    |   10.034|
B_Adder<12>    |C_Adder<29>    |   10.064|
B_Adder<12>    |C_Adder<30>    |   10.143|
B_Adder<12>    |C_Adder<31>    |    9.969|
B_Adder<13>    |C_Adder<13>    |    8.694|
B_Adder<13>    |C_Adder<14>    |    8.835|
B_Adder<13>    |C_Adder<15>    |    9.055|
B_Adder<13>    |C_Adder<16>    |    9.270|
B_Adder<13>    |C_Adder<17>    |    9.315|
B_Adder<13>    |C_Adder<18>    |    9.372|
B_Adder<13>    |C_Adder<19>    |    9.192|
B_Adder<13>    |C_Adder<20>    |    9.343|
B_Adder<13>    |C_Adder<21>    |    9.483|
B_Adder<13>    |C_Adder<22>    |    9.569|
B_Adder<13>    |C_Adder<23>    |    9.619|
B_Adder<13>    |C_Adder<24>    |    9.670|
B_Adder<13>    |C_Adder<25>    |    9.728|
B_Adder<13>    |C_Adder<26>    |    9.773|
B_Adder<13>    |C_Adder<27>    |    9.600|
B_Adder<13>    |C_Adder<28>    |    9.964|
B_Adder<13>    |C_Adder<29>    |    9.994|
B_Adder<13>    |C_Adder<30>    |   10.073|
B_Adder<13>    |C_Adder<31>    |    9.899|
B_Adder<14>    |C_Adder<14>    |    8.531|
B_Adder<14>    |C_Adder<15>    |    8.747|
B_Adder<14>    |C_Adder<16>    |    9.008|
B_Adder<14>    |C_Adder<17>    |    9.053|
B_Adder<14>    |C_Adder<18>    |    9.110|
B_Adder<14>    |C_Adder<19>    |    8.930|
B_Adder<14>    |C_Adder<20>    |    9.081|
B_Adder<14>    |C_Adder<21>    |    9.221|
B_Adder<14>    |C_Adder<22>    |    9.307|
B_Adder<14>    |C_Adder<23>    |    9.357|
B_Adder<14>    |C_Adder<24>    |    9.408|
B_Adder<14>    |C_Adder<25>    |    9.466|
B_Adder<14>    |C_Adder<26>    |    9.511|
B_Adder<14>    |C_Adder<27>    |    9.338|
B_Adder<14>    |C_Adder<28>    |    9.702|
B_Adder<14>    |C_Adder<29>    |    9.732|
B_Adder<14>    |C_Adder<30>    |    9.811|
B_Adder<14>    |C_Adder<31>    |    9.637|
B_Adder<15>    |C_Adder<15>    |    8.698|
B_Adder<15>    |C_Adder<16>    |    8.961|
B_Adder<15>    |C_Adder<17>    |    9.006|
B_Adder<15>    |C_Adder<18>    |    9.063|
B_Adder<15>    |C_Adder<19>    |    8.883|
B_Adder<15>    |C_Adder<20>    |    9.034|
B_Adder<15>    |C_Adder<21>    |    9.174|
B_Adder<15>    |C_Adder<22>    |    9.260|
B_Adder<15>    |C_Adder<23>    |    9.310|
B_Adder<15>    |C_Adder<24>    |    9.361|
B_Adder<15>    |C_Adder<25>    |    9.419|
B_Adder<15>    |C_Adder<26>    |    9.464|
B_Adder<15>    |C_Adder<27>    |    9.291|
B_Adder<15>    |C_Adder<28>    |    9.655|
B_Adder<15>    |C_Adder<29>    |    9.685|
B_Adder<15>    |C_Adder<30>    |    9.764|
B_Adder<15>    |C_Adder<31>    |    9.590|
B_Adder<16>    |C_Adder<16>    |    9.052|
B_Adder<16>    |C_Adder<17>    |    9.069|
B_Adder<16>    |C_Adder<18>    |    9.215|
B_Adder<16>    |C_Adder<19>    |    9.052|
B_Adder<16>    |C_Adder<20>    |    9.244|
B_Adder<16>    |C_Adder<21>    |    9.384|
B_Adder<16>    |C_Adder<22>    |    9.470|
B_Adder<16>    |C_Adder<23>    |    9.520|
B_Adder<16>    |C_Adder<24>    |    9.571|
B_Adder<16>    |C_Adder<25>    |    9.629|
B_Adder<16>    |C_Adder<26>    |    9.674|
B_Adder<16>    |C_Adder<27>    |    9.501|
B_Adder<16>    |C_Adder<28>    |    9.865|
B_Adder<16>    |C_Adder<29>    |    9.895|
B_Adder<16>    |C_Adder<30>    |    9.974|
B_Adder<16>    |C_Adder<31>    |    9.800|
B_Adder<17>    |C_Adder<17>    |    9.156|
B_Adder<17>    |C_Adder<18>    |    9.347|
B_Adder<17>    |C_Adder<19>    |    9.190|
B_Adder<17>    |C_Adder<20>    |    9.375|
B_Adder<17>    |C_Adder<21>    |    9.515|
B_Adder<17>    |C_Adder<22>    |    9.601|
B_Adder<17>    |C_Adder<23>    |    9.651|
B_Adder<17>    |C_Adder<24>    |    9.702|
B_Adder<17>    |C_Adder<25>    |    9.760|
B_Adder<17>    |C_Adder<26>    |    9.805|
B_Adder<17>    |C_Adder<27>    |    9.632|
B_Adder<17>    |C_Adder<28>    |    9.996|
B_Adder<17>    |C_Adder<29>    |   10.026|
B_Adder<17>    |C_Adder<30>    |   10.105|
B_Adder<17>    |C_Adder<31>    |    9.931|
B_Adder<18>    |C_Adder<18>    |    9.236|
B_Adder<18>    |C_Adder<19>    |    9.075|
B_Adder<18>    |C_Adder<20>    |    9.306|
B_Adder<18>    |C_Adder<21>    |    9.446|
B_Adder<18>    |C_Adder<22>    |    9.532|
B_Adder<18>    |C_Adder<23>    |    9.582|
B_Adder<18>    |C_Adder<24>    |    9.633|
B_Adder<18>    |C_Adder<25>    |    9.691|
B_Adder<18>    |C_Adder<26>    |    9.736|
B_Adder<18>    |C_Adder<27>    |    9.563|
B_Adder<18>    |C_Adder<28>    |    9.927|
B_Adder<18>    |C_Adder<29>    |    9.957|
B_Adder<18>    |C_Adder<30>    |   10.036|
B_Adder<18>    |C_Adder<31>    |    9.862|
B_Adder<19>    |C_Adder<19>    |    8.753|
B_Adder<19>    |C_Adder<20>    |    8.986|
B_Adder<19>    |C_Adder<21>    |    9.126|
B_Adder<19>    |C_Adder<22>    |    9.212|
B_Adder<19>    |C_Adder<23>    |    9.262|
B_Adder<19>    |C_Adder<24>    |    9.313|
B_Adder<19>    |C_Adder<25>    |    9.371|
B_Adder<19>    |C_Adder<26>    |    9.416|
B_Adder<19>    |C_Adder<27>    |    9.243|
B_Adder<19>    |C_Adder<28>    |    9.607|
B_Adder<19>    |C_Adder<29>    |    9.637|
B_Adder<19>    |C_Adder<30>    |    9.716|
B_Adder<19>    |C_Adder<31>    |    9.542|
B_Adder<20>    |C_Adder<20>    |    9.593|
B_Adder<20>    |C_Adder<21>    |    9.705|
B_Adder<20>    |C_Adder<22>    |    9.880|
B_Adder<20>    |C_Adder<23>    |    9.947|
B_Adder<20>    |C_Adder<24>    |   10.039|
B_Adder<20>    |C_Adder<25>    |   10.097|
B_Adder<20>    |C_Adder<26>    |   10.142|
B_Adder<20>    |C_Adder<27>    |    9.969|
B_Adder<20>    |C_Adder<28>    |   10.333|
B_Adder<20>    |C_Adder<29>    |   10.363|
B_Adder<20>    |C_Adder<30>    |   10.442|
B_Adder<20>    |C_Adder<31>    |   10.268|
B_Adder<21>    |C_Adder<21>    |    9.511|
B_Adder<21>    |C_Adder<22>    |    9.731|
B_Adder<21>    |C_Adder<23>    |    9.804|
B_Adder<21>    |C_Adder<24>    |    9.889|
B_Adder<21>    |C_Adder<25>    |    9.947|
B_Adder<21>    |C_Adder<26>    |    9.992|
B_Adder<21>    |C_Adder<27>    |    9.819|
B_Adder<21>    |C_Adder<28>    |   10.183|
B_Adder<21>    |C_Adder<29>    |   10.213|
B_Adder<21>    |C_Adder<30>    |   10.292|
B_Adder<21>    |C_Adder<31>    |   10.118|
B_Adder<22>    |C_Adder<22>    |   10.042|
B_Adder<22>    |C_Adder<23>    |   10.111|
B_Adder<22>    |C_Adder<24>    |   10.242|
B_Adder<22>    |C_Adder<25>    |   10.300|
B_Adder<22>    |C_Adder<26>    |   10.345|
B_Adder<22>    |C_Adder<27>    |   10.172|
B_Adder<22>    |C_Adder<28>    |   10.536|
B_Adder<22>    |C_Adder<29>    |   10.566|
B_Adder<22>    |C_Adder<30>    |   10.645|
B_Adder<22>    |C_Adder<31>    |   10.471|
B_Adder<23>    |C_Adder<23>    |   10.042|
B_Adder<23>    |C_Adder<24>    |   10.175|
B_Adder<23>    |C_Adder<25>    |   10.233|
B_Adder<23>    |C_Adder<26>    |   10.278|
B_Adder<23>    |C_Adder<27>    |   10.105|
B_Adder<23>    |C_Adder<28>    |   10.469|
B_Adder<23>    |C_Adder<29>    |   10.499|
B_Adder<23>    |C_Adder<30>    |   10.578|
B_Adder<23>    |C_Adder<31>    |   10.404|
B_Adder<24>    |C_Adder<24>    |   10.123|
B_Adder<24>    |C_Adder<25>    |   10.153|
B_Adder<24>    |C_Adder<26>    |   10.287|
B_Adder<24>    |C_Adder<27>    |   10.131|
B_Adder<24>    |C_Adder<28>    |   10.536|
B_Adder<24>    |C_Adder<29>    |   10.566|
B_Adder<24>    |C_Adder<30>    |   10.645|
B_Adder<24>    |C_Adder<31>    |   10.471|
B_Adder<25>    |C_Adder<25>    |    9.858|
B_Adder<25>    |C_Adder<26>    |   10.037|
B_Adder<25>    |C_Adder<27>    |    9.887|
B_Adder<25>    |C_Adder<28>    |   10.285|
B_Adder<25>    |C_Adder<29>    |   10.315|
B_Adder<25>    |C_Adder<30>    |   10.394|
B_Adder<25>    |C_Adder<31>    |   10.220|
B_Adder<26>    |C_Adder<26>    |   10.158|
B_Adder<26>    |C_Adder<27>    |   10.004|
B_Adder<26>    |C_Adder<28>    |   10.448|
B_Adder<26>    |C_Adder<29>    |   10.478|
B_Adder<26>    |C_Adder<30>    |   10.557|
B_Adder<26>    |C_Adder<31>    |   10.383|
B_Adder<27>    |C_Adder<27>    |    9.915|
B_Adder<27>    |C_Adder<28>    |   10.361|
B_Adder<27>    |C_Adder<29>    |   10.391|
B_Adder<27>    |C_Adder<30>    |   10.470|
B_Adder<27>    |C_Adder<31>    |   10.296|
B_Adder<28>    |C_Adder<28>    |   10.199|
B_Adder<28>    |C_Adder<29>    |   10.201|
B_Adder<28>    |C_Adder<30>    |   10.369|
B_Adder<28>    |C_Adder<31>    |   10.212|
B_Adder<29>    |C_Adder<29>    |   10.036|
B_Adder<29>    |C_Adder<30>    |   10.249|
B_Adder<29>    |C_Adder<31>    |   10.098|
B_Adder<30>    |C_Adder<30>    |    9.699|
B_Adder<30>    |C_Adder<31>    |    9.544|
B_Adder<31>    |C_Adder<31>    |    9.656|
---------------+---------------+---------+


Analysis completed Mon Aug 24 14:48:56 2020 
--------------------------------------------------------------------------------

Trace Settings:
-------------------------
Trace Settings 

Peak Memory Usage: 159 MB



