--------------------------------------------------------------------------------
Release 14.7 Trace  (nt)
Copyright (c) 1995-2013 Xilinx, Inc.  All rights reserved.

C:\Xilinx\14.7\ISE_DS\ISE\bin\nt\unwrapped\trce.exe -intstyle ise -v 3 -s 3 -n
3 -fastpaths -xml MIPS_PROCESSOR.twx MIPS_PROCESSOR.ncd -o MIPS_PROCESSOR.twr
MIPS_PROCESSOR.pcf

Design file:              MIPS_PROCESSOR.ncd
Physical constraint file: MIPS_PROCESSOR.pcf
Device,package,speed:     xc6slx16,csg324,C,-3 (PRODUCTION 1.23 2013-10-13)
Report level:             verbose report

Environment Variable      Effect 
--------------------      ------ 
NONE                      No environment variables were set
--------------------------------------------------------------------------------

INFO:Timing:2698 - No timing constraints found, doing default enumeration.
INFO:Timing:3412 - To improve timing, see the Timing Closure User Guide (UG612).
INFO:Timing:2752 - To get complete path coverage, use the unconstrained paths 
   option. All paths that are not constrained will be reported in the 
   unconstrained paths section(s) of the report.
INFO:Timing:3339 - The clock-to-out numbers in this timing report are based on 
   a 50 Ohm transmission line loading model.  For the details of this model, 
   and for more information on accounting for different loading conditions, 
   please see the device datasheet.



Data Sheet report:
-----------------
All values displayed in nanoseconds (ns)

Setup/Hold to clock MIPS_P_CLK
--------------+------------+------------+------------+------------+------------------+--------+
              |Max Setup to|  Process   |Max Hold to |  Process   |                  | Clock  |
Source        | clk (edge) |   Corner   | clk (edge) |   Corner   |Internal Clock(s) | Phase  |
--------------+------------+------------+------------+------------+------------------+--------+
MIPS_P_RESET  |    3.142(R)|      SLOW  |   -0.403(R)|      SLOW  |MIPS_P_CLK_BUFGP  |   0.000|
SWITCHES_IN<0>|    0.659(F)|      FAST  |    0.025(F)|      SLOW  |MIPS_P_CLK_BUFGP  |   0.000|
SWITCHES_IN<1>|    0.639(F)|      FAST  |    0.034(F)|      SLOW  |MIPS_P_CLK_BUFGP  |   0.000|
SWITCHES_IN<2>|    0.598(F)|      FAST  |    0.101(F)|      SLOW  |MIPS_P_CLK_BUFGP  |   0.000|
SWITCHES_IN<3>|    0.375(F)|      FAST  |    0.437(F)|      SLOW  |MIPS_P_CLK_BUFGP  |   0.000|
SWITCHES_IN<4>|    0.561(F)|      FAST  |    0.181(F)|      SLOW  |MIPS_P_CLK_BUFGP  |   0.000|
SWITCHES_IN<5>|    0.679(F)|      FAST  |   -0.001(F)|      SLOW  |MIPS_P_CLK_BUFGP  |   0.000|
SWITCHES_IN<6>|    0.614(F)|      FAST  |    0.094(F)|      SLOW  |MIPS_P_CLK_BUFGP  |   0.000|
SWITCHES_IN<7>|    0.572(F)|      FAST  |    0.167(F)|      SLOW  |MIPS_P_CLK_BUFGP  |   0.000|
--------------+------------+------------+------------+------------+------------------+--------+

Clock MIPS_P_CLK to Pad
-------------+-----------------+------------+-----------------+------------+------------------+--------+
             |Max (slowest) clk|  Process   |Min (fastest) clk|  Process   |                  | Clock  |
Destination  |  (edge) to PAD  |   Corner   |  (edge) to PAD  |   Corner   |Internal Clock(s) | Phase  |
-------------+-----------------+------------+-----------------+------------+------------------+--------+
DUMMY_OUT<2> |         7.761(R)|      SLOW  |         4.094(R)|      FAST  |MIPS_P_CLK_BUFGP  |   0.000|
DUMMY_OUT<3> |         8.161(R)|      SLOW  |         4.356(R)|      FAST  |MIPS_P_CLK_BUFGP  |   0.000|
DUMMY_OUT<4> |         7.689(R)|      SLOW  |         4.034(R)|      FAST  |MIPS_P_CLK_BUFGP  |   0.000|
DUMMY_OUT<5> |         7.884(R)|      SLOW  |         4.181(R)|      FAST  |MIPS_P_CLK_BUFGP  |   0.000|
DUMMY_OUT<6> |         7.902(R)|      SLOW  |         4.229(R)|      FAST  |MIPS_P_CLK_BUFGP  |   0.000|
DUMMY_OUT<7> |         7.491(R)|      SLOW  |         3.910(R)|      FAST  |MIPS_P_CLK_BUFGP  |   0.000|
DUMMY_OUT<8> |         7.330(R)|      SLOW  |         3.812(R)|      FAST  |MIPS_P_CLK_BUFGP  |   0.000|
DUMMY_OUT<9> |         7.630(R)|      SLOW  |         3.985(R)|      FAST  |MIPS_P_CLK_BUFGP  |   0.000|
DUMMY_OUT<10>|         6.916(R)|      SLOW  |         3.551(R)|      FAST  |MIPS_P_CLK_BUFGP  |   0.000|
DUMMY_OUT<11>|         6.944(R)|      SLOW  |         3.567(R)|      FAST  |MIPS_P_CLK_BUFGP  |   0.000|
DUMMY_OUT<12>|         6.741(R)|      SLOW  |         3.469(R)|      FAST  |MIPS_P_CLK_BUFGP  |   0.000|
DUMMY_OUT<13>|         6.785(R)|      SLOW  |         3.480(R)|      FAST  |MIPS_P_CLK_BUFGP  |   0.000|
DUMMY_OUT<14>|         6.949(R)|      SLOW  |         3.576(R)|      FAST  |MIPS_P_CLK_BUFGP  |   0.000|
DUMMY_OUT<15>|         6.969(R)|      SLOW  |         3.607(R)|      FAST  |MIPS_P_CLK_BUFGP  |   0.000|
DUMMY_OUT<16>|         6.968(R)|      SLOW  |         3.605(R)|      FAST  |MIPS_P_CLK_BUFGP  |   0.000|
DUMMY_OUT<17>|         6.969(R)|      SLOW  |         3.606(R)|      FAST  |MIPS_P_CLK_BUFGP  |   0.000|
DUMMY_OUT<18>|         6.983(R)|      SLOW  |         3.603(R)|      FAST  |MIPS_P_CLK_BUFGP  |   0.000|
DUMMY_OUT<19>|         7.143(R)|      SLOW  |         3.699(R)|      FAST  |MIPS_P_CLK_BUFGP  |   0.000|
DUMMY_OUT<20>|         7.057(R)|      SLOW  |         3.643(R)|      FAST  |MIPS_P_CLK_BUFGP  |   0.000|
DUMMY_OUT<21>|         7.236(R)|      SLOW  |         3.763(R)|      FAST  |MIPS_P_CLK_BUFGP  |   0.000|
DUMMY_OUT<22>|         7.274(R)|      SLOW  |         3.810(R)|      FAST  |MIPS_P_CLK_BUFGP  |   0.000|
DUMMY_OUT<23>|         7.290(R)|      SLOW  |         3.821(R)|      FAST  |MIPS_P_CLK_BUFGP  |   0.000|
DUMMY_OUT<24>|         7.631(R)|      SLOW  |         4.043(R)|      FAST  |MIPS_P_CLK_BUFGP  |   0.000|
DUMMY_OUT<25>|         7.540(R)|      SLOW  |         4.007(R)|      FAST  |MIPS_P_CLK_BUFGP  |   0.000|
DUMMY_OUT<26>|         7.297(R)|      SLOW  |         3.820(R)|      FAST  |MIPS_P_CLK_BUFGP  |   0.000|
DUMMY_OUT<27>|         7.312(R)|      SLOW  |         3.822(R)|      FAST  |MIPS_P_CLK_BUFGP  |   0.000|
DUMMY_OUT<28>|         7.835(R)|      SLOW  |         4.184(R)|      FAST  |MIPS_P_CLK_BUFGP  |   0.000|
DUMMY_OUT<29>|         7.343(R)|      SLOW  |         3.868(R)|      FAST  |MIPS_P_CLK_BUFGP  |   0.000|
DUMMY_OUT<30>|         7.448(R)|      SLOW  |         3.863(R)|      FAST  |MIPS_P_CLK_BUFGP  |   0.000|
DUMMY_OUT<31>|         7.230(R)|      SLOW  |         3.748(R)|      FAST  |MIPS_P_CLK_BUFGP  |   0.000|
LEDS_OUT<0>  |         6.951(F)|      SLOW  |         3.548(F)|      FAST  |MIPS_P_CLK_BUFGP  |   0.000|
LEDS_OUT<1>  |         7.010(F)|      SLOW  |         3.615(F)|      FAST  |MIPS_P_CLK_BUFGP  |   0.000|
LEDS_OUT<2>  |         6.715(F)|      SLOW  |         3.406(F)|      FAST  |MIPS_P_CLK_BUFGP  |   0.000|
LEDS_OUT<3>  |         6.961(F)|      SLOW  |         3.571(F)|      FAST  |MIPS_P_CLK_BUFGP  |   0.000|
LEDS_OUT<4>  |         6.955(F)|      SLOW  |         3.552(F)|      FAST  |MIPS_P_CLK_BUFGP  |   0.000|
LEDS_OUT<5>  |         6.735(F)|      SLOW  |         3.421(F)|      FAST  |MIPS_P_CLK_BUFGP  |   0.000|
LEDS_OUT<6>  |         7.039(F)|      SLOW  |         3.602(F)|      FAST  |MIPS_P_CLK_BUFGP  |   0.000|
LEDS_OUT<7>  |         6.731(F)|      SLOW  |         3.436(F)|      FAST  |MIPS_P_CLK_BUFGP  |   0.000|
-------------+-----------------+------------+-----------------+------------+------------------+--------+

Clock to Setup on destination clock MIPS_P_CLK
---------------+---------+---------+---------+---------+
               | Src:Rise| Src:Fall| Src:Rise| Src:Fall|
Source Clock   |Dest:Rise|Dest:Rise|Dest:Fall|Dest:Fall|
---------------+---------+---------+---------+---------+
MIPS_P_CLK     |    5.234|         |    5.408|    3.725|
---------------+---------+---------+---------+---------+


Analysis completed Sun Nov 15 13:35:22 2020 
--------------------------------------------------------------------------------

Trace Settings:
-------------------------
Trace Settings 

Peak Memory Usage: 146 MB



