--------------------------------------------------------------------------------
Release 14.7 Trace  (nt)
Copyright (c) 1995-2013 Xilinx, Inc.  All rights reserved.

C:\Xilinx\14.7\ISE_DS\ISE\bin\nt\unwrapped\trce.exe -intstyle ise -v 3 -s 3 -n
3 -fastpaths -xml MIPS_PROCESSOR.twx MIPS_PROCESSOR.ncd -o MIPS_PROCESSOR.twr
MIPS_PROCESSOR.pcf

Design file:              MIPS_PROCESSOR.ncd
Physical constraint file: MIPS_PROCESSOR.pcf
Device,package,speed:     xc6slx16,csg324,C,-3 (PRODUCTION 1.23 2013-10-13)
Report level:             verbose report

Environment Variable      Effect 
--------------------      ------ 
NONE                      No environment variables were set
--------------------------------------------------------------------------------

INFO:Timing:2698 - No timing constraints found, doing default enumeration.
INFO:Timing:3412 - To improve timing, see the Timing Closure User Guide (UG612).
INFO:Timing:2752 - To get complete path coverage, use the unconstrained paths 
   option. All paths that are not constrained will be reported in the 
   unconstrained paths section(s) of the report.
INFO:Timing:3339 - The clock-to-out numbers in this timing report are based on 
   a 50 Ohm transmission line loading model.  For the details of this model, 
   and for more information on accounting for different loading conditions, 
   please see the device datasheet.



Data Sheet report:
-----------------
All values displayed in nanoseconds (ns)

Setup/Hold to clock MIPS_P_CLK
------------+------------+------------+------------+------------+------------------+--------+
            |Max Setup to|  Process   |Max Hold to |  Process   |                  | Clock  |
Source      | clk (edge) |   Corner   | clk (edge) |   Corner   |Internal Clock(s) | Phase  |
------------+------------+------------+------------+------------+------------------+--------+
MIPS_P_RESET|    1.408(R)|      SLOW  |   -0.407(R)|      SLOW  |MIPS_P_CLK_BUFGP  |   0.000|
------------+------------+------------+------------+------------+------------------+--------+

Clock MIPS_P_CLK to Pad
-------------+-----------------+------------+-----------------+------------+------------------+--------+
             |Max (slowest) clk|  Process   |Min (fastest) clk|  Process   |                  | Clock  |
Destination  |  (edge) to PAD  |   Corner   |  (edge) to PAD  |   Corner   |Internal Clock(s) | Phase  |
-------------+-----------------+------------+-----------------+------------+------------------+--------+
DUMMY_OUT<2> |         6.879(R)|      SLOW  |         3.522(R)|      FAST  |MIPS_P_CLK_BUFGP  |   0.000|
DUMMY_OUT<3> |         6.879(R)|      SLOW  |         3.522(R)|      FAST  |MIPS_P_CLK_BUFGP  |   0.000|
DUMMY_OUT<4> |         6.509(R)|      SLOW  |         3.292(R)|      FAST  |MIPS_P_CLK_BUFGP  |   0.000|
DUMMY_OUT<5> |         6.509(R)|      SLOW  |         3.292(R)|      FAST  |MIPS_P_CLK_BUFGP  |   0.000|
DUMMY_OUT<6> |         6.583(R)|      SLOW  |         3.369(R)|      FAST  |MIPS_P_CLK_BUFGP  |   0.000|
DUMMY_OUT<7> |         6.725(R)|      SLOW  |         3.470(R)|      FAST  |MIPS_P_CLK_BUFGP  |   0.000|
DUMMY_OUT<8> |         6.725(R)|      SLOW  |         3.470(R)|      FAST  |MIPS_P_CLK_BUFGP  |   0.000|
DUMMY_OUT<9> |         6.725(R)|      SLOW  |         3.470(R)|      FAST  |MIPS_P_CLK_BUFGP  |   0.000|
DUMMY_OUT<10>|         6.942(R)|      SLOW  |         3.546(R)|      FAST  |MIPS_P_CLK_BUFGP  |   0.000|
DUMMY_OUT<11>|         6.962(R)|      SLOW  |         3.570(R)|      FAST  |MIPS_P_CLK_BUFGP  |   0.000|
DUMMY_OUT<12>|         6.802(R)|      SLOW  |         3.482(R)|      FAST  |MIPS_P_CLK_BUFGP  |   0.000|
DUMMY_OUT<13>|         6.802(R)|      SLOW  |         3.482(R)|      FAST  |MIPS_P_CLK_BUFGP  |   0.000|
DUMMY_OUT<14>|         6.966(R)|      SLOW  |         3.578(R)|      FAST  |MIPS_P_CLK_BUFGP  |   0.000|
DUMMY_OUT<15>|         6.987(R)|      SLOW  |         3.610(R)|      FAST  |MIPS_P_CLK_BUFGP  |   0.000|
DUMMY_OUT<16>|         7.040(R)|      SLOW  |         3.647(R)|      FAST  |MIPS_P_CLK_BUFGP  |   0.000|
DUMMY_OUT<17>|         6.986(R)|      SLOW  |         3.608(R)|      FAST  |MIPS_P_CLK_BUFGP  |   0.000|
DUMMY_OUT<18>|         7.261(R)|      SLOW  |         3.853(R)|      FAST  |MIPS_P_CLK_BUFGP  |   0.000|
DUMMY_OUT<19>|         7.160(R)|      SLOW  |         3.701(R)|      FAST  |MIPS_P_CLK_BUFGP  |   0.000|
DUMMY_OUT<20>|         7.027(R)|      SLOW  |         3.640(R)|      FAST  |MIPS_P_CLK_BUFGP  |   0.000|
DUMMY_OUT<21>|         7.054(R)|      SLOW  |         3.656(R)|      FAST  |MIPS_P_CLK_BUFGP  |   0.000|
DUMMY_OUT<22>|         7.278(R)|      SLOW  |         3.806(R)|      FAST  |MIPS_P_CLK_BUFGP  |   0.000|
DUMMY_OUT<23>|         7.307(R)|      SLOW  |         3.823(R)|      FAST  |MIPS_P_CLK_BUFGP  |   0.000|
DUMMY_OUT<24>|         7.337(R)|      SLOW  |         3.860(R)|      FAST  |MIPS_P_CLK_BUFGP  |   0.000|
DUMMY_OUT<25>|         7.337(R)|      SLOW  |         3.860(R)|      FAST  |MIPS_P_CLK_BUFGP  |   0.000|
DUMMY_OUT<26>|         7.314(R)|      SLOW  |         3.822(R)|      FAST  |MIPS_P_CLK_BUFGP  |   0.000|
DUMMY_OUT<27>|         7.329(R)|      SLOW  |         3.824(R)|      FAST  |MIPS_P_CLK_BUFGP  |   0.000|
DUMMY_OUT<28>|         7.360(R)|      SLOW  |         3.870(R)|      FAST  |MIPS_P_CLK_BUFGP  |   0.000|
DUMMY_OUT<29>|         7.360(R)|      SLOW  |         3.870(R)|      FAST  |MIPS_P_CLK_BUFGP  |   0.000|
DUMMY_OUT<30>|         7.506(R)|      SLOW  |         3.877(R)|      FAST  |MIPS_P_CLK_BUFGP  |   0.000|
DUMMY_OUT<31>|         7.069(R)|      SLOW  |         3.653(R)|      FAST  |MIPS_P_CLK_BUFGP  |   0.000|
-------------+-----------------+------------+-----------------+------------+------------------+--------+

Clock to Setup on destination clock MIPS_P_CLK
---------------+---------+---------+---------+---------+
               | Src:Rise| Src:Fall| Src:Rise| Src:Fall|
Source Clock   |Dest:Rise|Dest:Rise|Dest:Fall|Dest:Fall|
---------------+---------+---------+---------+---------+
MIPS_P_CLK     |    2.012|         |         |         |
---------------+---------+---------+---------+---------+


Analysis completed Wed Oct 28 16:26:33 2020 
--------------------------------------------------------------------------------

Trace Settings:
-------------------------
Trace Settings 

Peak Memory Usage: 144 MB



